Component: ARM Compiler 5.06 update 1 (build 61) Tool: armlink [4d35a8]

==============================================================================

Section Cross References

    mygpio.o(i.InitMyGPIO) refers to stm32f10x_rcc.o(i.RCC_APB2PeriphClockCmd) for RCC_APB2PeriphClockCmd
    mygpio.o(i.InitMyGPIO) refers to stm32f10x_gpio.o(i.GPIO_Init) for GPIO_Init
    mygpio.o(i.InitMyGPIO) refers to stm32f10x_gpio.o(i.GPIO_Write) for GPIO_Write
    mygpio.o(i.InitMyGPIO) refers to mygpio.o(.data) for LED_B0
    mygpio.o(i.InitMyGPIO_PWM_IN) refers to stm32f10x_rcc.o(i.RCC_APB2PeriphClockCmd) for RCC_APB2PeriphClockCmd
    mygpio.o(i.InitMyGPIO_PWM_IN) refers to stm32f10x_gpio.o(i.GPIO_Init) for GPIO_Init
    mygpio.o(i.InitMyGPIO_PWM_IN) refers to stm32f10x_gpio.o(i.GPIO_Write) for GPIO_Write
    mygpio.o(i.InitMyGPIO_PWM_IN) refers to mygpio.o(.data) for PWM_IN1
    mygpio.o(i.TurnOffB0) refers to stm32f10x_gpio.o(i.GPIO_ResetBits) for GPIO_ResetBits
    mygpio.o(i.TurnOffB1) refers to stm32f10x_gpio.o(i.GPIO_ResetBits) for GPIO_ResetBits
    mygpio.o(i.TurnOffB10) refers to stm32f10x_gpio.o(i.GPIO_ResetBits) for GPIO_ResetBits
    mygpio.o(i.TurnOffPWM_IN1) refers to stm32f10x_gpio.o(i.GPIO_ResetBits) for GPIO_ResetBits
    mygpio.o(i.TurnOffPWM_IN2) refers to stm32f10x_gpio.o(i.GPIO_ResetBits) for GPIO_ResetBits
    mygpio.o(i.TurnOffPWM_IN3) refers to stm32f10x_gpio.o(i.GPIO_ResetBits) for GPIO_ResetBits
    mygpio.o(i.TurnOffPWM_IN4) refers to stm32f10x_gpio.o(i.GPIO_ResetBits) for GPIO_ResetBits
    mygpio.o(i.TurnOnB0) refers to stm32f10x_gpio.o(i.GPIO_SetBits) for GPIO_SetBits
    mygpio.o(i.TurnOnB1) refers to stm32f10x_gpio.o(i.GPIO_SetBits) for GPIO_SetBits
    mygpio.o(i.TurnOnB10) refers to stm32f10x_gpio.o(i.GPIO_SetBits) for GPIO_SetBits
    mygpio.o(i.TurnOnPWM_IN1) refers to stm32f10x_gpio.o(i.GPIO_SetBits) for GPIO_SetBits
    mygpio.o(i.TurnOnPWM_IN2) refers to stm32f10x_gpio.o(i.GPIO_SetBits) for GPIO_SetBits
    mygpio.o(i.TurnOnPWM_IN3) refers to stm32f10x_gpio.o(i.GPIO_SetBits) for GPIO_SetBits
    mygpio.o(i.TurnOnPWM_IN4) refers to stm32f10x_gpio.o(i.GPIO_SetBits) for GPIO_SetBits
    main.o(i.main) refers to mygpio.o(i.InitMyGPIO_PWM_IN) for InitMyGPIO_PWM_IN
    main.o(i.main) refers to mypwm.o(i.InitMyGPIO_PWM) for InitMyGPIO_PWM
    main.o(i.main) refers to mypwm.o(i.InitMyTIMER) for InitMyTIMER
    main.o(i.main) refers to mypwm.o(i.InitMyPWM) for InitMyPWM
    main.o(i.main) refers to mygpio.o(i.InitMyGPIO) for InitMyGPIO
    main.o(i.main) refers to myusart.o(i.InitMyUSART1) for InitMyUSART1
    main.o(i.main) refers to mypwm.o(i.SetServo) for SetServo
    main.o(i.main) refers to mypwm.o(i.SetDongCoTrai) for SetDongCoTrai
    main.o(i.main) refers to mypwm.o(i.SetDongCoPhai) for SetDongCoPhai
    main.o(i.main) refers to myusart.o(i.getStringReceive) for getStringReceive
    main.o(i.main) refers to mygpio.o(i.TurnOffB0) for TurnOffB0
    main.o(i.main) refers to mygpio.o(i.TurnOnB0) for TurnOnB0
    main.o(i.main) refers to mygpio.o(i.TurnOnPWM_IN1) for TurnOnPWM_IN1
    main.o(i.main) refers to mygpio.o(i.TurnOffPWM_IN2) for TurnOffPWM_IN2
    main.o(i.main) refers to mygpio.o(i.TurnOnPWM_IN3) for TurnOnPWM_IN3
    main.o(i.main) refers to mygpio.o(i.TurnOffPWM_IN4) for TurnOffPWM_IN4
    main.o(i.main) refers to mygpio.o(i.TurnOffPWM_IN1) for TurnOffPWM_IN1
    main.o(i.main) refers to mygpio.o(i.TurnOnPWM_IN2) for TurnOnPWM_IN2
    main.o(i.main) refers to mygpio.o(i.TurnOffPWM_IN3) for TurnOffPWM_IN3
    main.o(i.main) refers to mygpio.o(i.TurnOnPWM_IN4) for TurnOnPWM_IN4
    main.o(i.main) refers to main.o(.data) for GiaTriServo
    myusart.o(i.InitMyUSART1) refers to stm32f10x_rcc.o(i.RCC_APB2PeriphClockCmd) for RCC_APB2PeriphClockCmd
    myusart.o(i.InitMyUSART1) refers to stm32f10x_gpio.o(i.GPIO_Init) for GPIO_Init
    myusart.o(i.InitMyUSART1) refers to stm32f10x_usart.o(i.USART_Cmd) for USART_Cmd
    myusart.o(i.InitMyUSART1) refers to stm32f10x_usart.o(i.USART_ITConfig) for USART_ITConfig
    myusart.o(i.InitMyUSART1) refers to stm32f10x_usart.o(i.USART_Init) for USART_Init
    myusart.o(i.InitMyUSART1) refers to myusart.o(.data) for GPIO_ForUsart
    myusart.o(i.InitMyUSART1) refers to myusart.o(.bss) for TypeUSART
    myusart.o(i.USART1_IRQHandler) refers to stm32f10x_usart.o(i.USART_ReceiveData) for USART_ReceiveData
    myusart.o(i.USART1_IRQHandler) refers to stm32f10x_usart.o(i.USART_GetFlagStatus) for USART_GetFlagStatus
    myusart.o(i.USART1_IRQHandler) refers to myusart.o(i.sendString) for sendString
    myusart.o(i.USART1_IRQHandler) refers to myusart.o(.data) for element
    myusart.o(i.getStringReceive) refers to myusart.o(.data) for StringReceive
    myusart.o(i.sendString) refers to stm32f10x_usart.o(i.USART_SendData) for USART_SendData
    myusart.o(i.sendString) refers to stm32f10x_usart.o(i.USART_GetFlagStatus) for USART_GetFlagStatus
    mypwm.o(i.InitMyGPIO_PWM) refers to stm32f10x_rcc.o(i.RCC_APB2PeriphClockCmd) for RCC_APB2PeriphClockCmd
    mypwm.o(i.InitMyGPIO_PWM) refers to stm32f10x_gpio.o(i.GPIO_Init) for GPIO_Init
    mypwm.o(i.InitMyGPIO_PWM) refers to stm32f10x_gpio.o(i.GPIO_Write) for GPIO_Write
    mypwm.o(i.InitMyGPIO_PWM) refers to mypwm.o(.data) for PWM_DongCo_Trai
    mypwm.o(i.InitMyPWM) refers to stm32f10x_tim.o(i.TIM_OC2Init) for TIM_OC2Init
    mypwm.o(i.InitMyPWM) refers to stm32f10x_tim.o(i.TIM_OC2PreloadConfig) for TIM_OC2PreloadConfig
    mypwm.o(i.InitMyPWM) refers to stm32f10x_tim.o(i.TIM_OC3Init) for TIM_OC3Init
    mypwm.o(i.InitMyPWM) refers to stm32f10x_tim.o(i.TIM_OC3PreloadConfig) for TIM_OC3PreloadConfig
    mypwm.o(i.InitMyPWM) refers to stm32f10x_tim.o(i.TIM_OC4Init) for TIM_OC4Init
    mypwm.o(i.InitMyPWM) refers to stm32f10x_tim.o(i.TIM_OC4PreloadConfig) for TIM_OC4PreloadConfig
    mypwm.o(i.InitMyPWM) refers to mypwm.o(.bss) for TIM_OCStruct
    mypwm.o(i.InitMyTIMER) refers to stm32f10x_rcc.o(i.RCC_APB1PeriphClockCmd) for RCC_APB1PeriphClockCmd
    mypwm.o(i.InitMyTIMER) refers to stm32f10x_tim.o(i.TIM_TimeBaseInit) for TIM_TimeBaseInit
    mypwm.o(i.InitMyTIMER) refers to stm32f10x_tim.o(i.TIM_Cmd) for TIM_Cmd
    mypwm.o(i.InitMyTIMER) refers to mypwm.o(.bss) for TIM_BaseStruct
    mypwm.o(i.SetDongCoPhai) refers to stm32f10x_tim.o(i.TIM_OC3Init) for TIM_OC3Init
    mypwm.o(i.SetDongCoPhai) refers to stm32f10x_tim.o(i.TIM_OC3PreloadConfig) for TIM_OC3PreloadConfig
    mypwm.o(i.SetDongCoPhai) refers to mypwm.o(.bss) for TIM_OCStruct
    mypwm.o(i.SetDongCoTrai) refers to stm32f10x_tim.o(i.TIM_OC2Init) for TIM_OC2Init
    mypwm.o(i.SetDongCoTrai) refers to stm32f10x_tim.o(i.TIM_OC2PreloadConfig) for TIM_OC2PreloadConfig
    mypwm.o(i.SetDongCoTrai) refers to mypwm.o(.bss) for TIM_OCStruct
    mypwm.o(i.SetServo) refers to stm32f10x_tim.o(i.TIM_OC4Init) for TIM_OC4Init
    mypwm.o(i.SetServo) refers to stm32f10x_tim.o(i.TIM_OC4PreloadConfig) for TIM_OC4PreloadConfig
    mypwm.o(i.SetServo) refers to mypwm.o(.bss) for TIM_OCStruct
    stm32f10x_gpio.o(i.GPIO_AFIODeInit) refers to stm32f10x_rcc.o(i.RCC_APB2PeriphResetCmd) for RCC_APB2PeriphResetCmd
    stm32f10x_gpio.o(i.GPIO_DeInit) refers to stm32f10x_rcc.o(i.RCC_APB2PeriphResetCmd) for RCC_APB2PeriphResetCmd
    stm32f10x_rcc.o(i.RCC_GetClocksFreq) refers to stm32f10x_rcc.o(.data) for APBAHBPrescTable
    stm32f10x_rcc.o(i.RCC_WaitForHSEStartUp) refers to stm32f10x_rcc.o(i.RCC_GetFlagStatus) for RCC_GetFlagStatus
    stm32f10x_tim.o(i.TIM_DeInit) refers to stm32f10x_rcc.o(i.RCC_APB2PeriphResetCmd) for RCC_APB2PeriphResetCmd
    stm32f10x_tim.o(i.TIM_DeInit) refers to stm32f10x_rcc.o(i.RCC_APB1PeriphResetCmd) for RCC_APB1PeriphResetCmd
    stm32f10x_tim.o(i.TIM_ETRClockMode1Config) refers to stm32f10x_tim.o(i.TIM_ETRConfig) for TIM_ETRConfig
    stm32f10x_tim.o(i.TIM_ETRClockMode2Config) refers to stm32f10x_tim.o(i.TIM_ETRConfig) for TIM_ETRConfig
    stm32f10x_tim.o(i.TIM_ICInit) refers to stm32f10x_tim.o(i.TI1_Config) for TI1_Config
    stm32f10x_tim.o(i.TIM_ICInit) refers to stm32f10x_tim.o(i.TIM_SetIC1Prescaler) for TIM_SetIC1Prescaler
    stm32f10x_tim.o(i.TIM_ICInit) refers to stm32f10x_tim.o(i.TI2_Config) for TI2_Config
    stm32f10x_tim.o(i.TIM_ICInit) refers to stm32f10x_tim.o(i.TIM_SetIC2Prescaler) for TIM_SetIC2Prescaler
    stm32f10x_tim.o(i.TIM_ICInit) refers to stm32f10x_tim.o(i.TI3_Config) for TI3_Config
    stm32f10x_tim.o(i.TIM_ICInit) refers to stm32f10x_tim.o(i.TIM_SetIC3Prescaler) for TIM_SetIC3Prescaler
    stm32f10x_tim.o(i.TIM_ICInit) refers to stm32f10x_tim.o(i.TI4_Config) for TI4_Config
    stm32f10x_tim.o(i.TIM_ICInit) refers to stm32f10x_tim.o(i.TIM_SetIC4Prescaler) for TIM_SetIC4Prescaler
    stm32f10x_tim.o(i.TIM_ITRxExternalClockConfig) refers to stm32f10x_tim.o(i.TIM_SelectInputTrigger) for TIM_SelectInputTrigger
    stm32f10x_tim.o(i.TIM_PWMIConfig) refers to stm32f10x_tim.o(i.TI1_Config) for TI1_Config
    stm32f10x_tim.o(i.TIM_PWMIConfig) refers to stm32f10x_tim.o(i.TIM_SetIC1Prescaler) for TIM_SetIC1Prescaler
    stm32f10x_tim.o(i.TIM_PWMIConfig) refers to stm32f10x_tim.o(i.TI2_Config) for TI2_Config
    stm32f10x_tim.o(i.TIM_PWMIConfig) refers to stm32f10x_tim.o(i.TIM_SetIC2Prescaler) for TIM_SetIC2Prescaler
    stm32f10x_tim.o(i.TIM_TIxExternalClockConfig) refers to stm32f10x_tim.o(i.TI2_Config) for TI2_Config
    stm32f10x_tim.o(i.TIM_TIxExternalClockConfig) refers to stm32f10x_tim.o(i.TI1_Config) for TI1_Config
    stm32f10x_tim.o(i.TIM_TIxExternalClockConfig) refers to stm32f10x_tim.o(i.TIM_SelectInputTrigger) for TIM_SelectInputTrigger
    stm32f10x_usart.o(i.USART_DeInit) refers to stm32f10x_rcc.o(i.RCC_APB2PeriphResetCmd) for RCC_APB2PeriphResetCmd
    stm32f10x_usart.o(i.USART_DeInit) refers to stm32f10x_rcc.o(i.RCC_APB1PeriphResetCmd) for RCC_APB1PeriphResetCmd
    stm32f10x_usart.o(i.USART_Init) refers to stm32f10x_rcc.o(i.RCC_GetClocksFreq) for RCC_GetClocksFreq
    startup_stm32f10x_md.o(STACK) refers (Special) to heapauxi.o(.text) for __use_two_region_memory
    startup_stm32f10x_md.o(HEAP) refers (Special) to heapauxi.o(.text) for __use_two_region_memory
    startup_stm32f10x_md.o(RESET) refers (Special) to heapauxi.o(.text) for __use_two_region_memory
    startup_stm32f10x_md.o(RESET) refers to startup_stm32f10x_md.o(STACK) for __initial_sp
    startup_stm32f10x_md.o(RESET) refers to startup_stm32f10x_md.o(.text) for Reset_Handler
    startup_stm32f10x_md.o(RESET) refers to myusart.o(i.USART1_IRQHandler) for USART1_IRQHandler
    startup_stm32f10x_md.o(.text) refers (Special) to heapauxi.o(.text) for __use_two_region_memory
    startup_stm32f10x_md.o(.text) refers to system_stm32f10x.o(i.SystemInit) for SystemInit
    startup_stm32f10x_md.o(.text) refers to __main.o(!!!main) for __main
    startup_stm32f10x_md.o(.text) refers to startup_stm32f10x_md.o(HEAP) for Heap_Mem
    startup_stm32f10x_md.o(.text) refers to startup_stm32f10x_md.o(STACK) for Stack_Mem
    system_stm32f10x.o(i.SetSysClock) refers to system_stm32f10x.o(i.SetSysClockTo72) for SetSysClockTo72
    system_stm32f10x.o(i.SystemCoreClockUpdate) refers to system_stm32f10x.o(.data) for SystemCoreClock
    system_stm32f10x.o(i.SystemInit) refers to system_stm32f10x.o(i.SetSysClock) for SetSysClock
    __main.o(!!!main) refers to __rtentry.o(.ARM.Collect$$rtentry$$00000000) for __rt_entry
    __rtentry.o(.ARM.Collect$$rtentry$$00000000) refers (Special) to __rtentry2.o(.ARM.Collect$$rtentry$$0000000A) for __rt_entry_li
    __rtentry.o(.ARM.Collect$$rtentry$$00000000) refers (Special) to __rtentry2.o(.ARM.Collect$$rtentry$$0000000D) for __rt_entry_main
    __rtentry.o(.ARM.Collect$$rtentry$$00000000) refers (Special) to __rtentry2.o(.ARM.Collect$$rtentry$$0000000C) for __rt_entry_postli_1
    __rtentry.o(.ARM.Collect$$rtentry$$00000000) refers (Special) to __rtentry2.o(.ARM.Collect$$rtentry$$00000009) for __rt_entry_postsh_1
    __rtentry.o(.ARM.Collect$$rtentry$$00000000) refers (Special) to __rtentry2.o(.ARM.Collect$$rtentry$$00000002) for __rt_entry_presh_1
    __rtentry.o(.ARM.Collect$$rtentry$$00000000) refers (Special) to __rtentry4.o(.ARM.Collect$$rtentry$$00000004) for __rt_entry_sh
    __rtentry2.o(.ARM.Collect$$rtentry$$00000008) refers to boardinit2.o(.text) for _platform_post_stackheap_init
    __rtentry2.o(.ARM.Collect$$rtentry$$0000000A) refers to libinit.o(.ARM.Collect$$libinit$$00000000) for __rt_lib_init
    __rtentry2.o(.ARM.Collect$$rtentry$$0000000B) refers to boardinit3.o(.text) for _platform_post_lib_init
    __rtentry2.o(.ARM.Collect$$rtentry$$0000000D) refers to main.o(i.main) for main
    __rtentry2.o(.ARM.Collect$$rtentry$$0000000D) refers to exit.o(.text) for exit
    __rtentry2.o(.ARM.exidx) refers to __rtentry2.o(.ARM.Collect$$rtentry$$00000001) for .ARM.Collect$$rtentry$$00000001
    __rtentry2.o(.ARM.exidx) refers to __rtentry2.o(.ARM.Collect$$rtentry$$00000008) for .ARM.Collect$$rtentry$$00000008
    __rtentry2.o(.ARM.exidx) refers to __rtentry2.o(.ARM.Collect$$rtentry$$0000000A) for .ARM.Collect$$rtentry$$0000000A
    __rtentry2.o(.ARM.exidx) refers to __rtentry2.o(.ARM.Collect$$rtentry$$0000000B) for .ARM.Collect$$rtentry$$0000000B
    __rtentry2.o(.ARM.exidx) refers to __rtentry2.o(.ARM.Collect$$rtentry$$0000000D) for .ARM.Collect$$rtentry$$0000000D
    __rtentry4.o(.ARM.Collect$$rtentry$$00000004) refers to sys_stackheap_outer.o(.text) for __user_setup_stackheap
    __rtentry4.o(.ARM.exidx) refers to __rtentry4.o(.ARM.Collect$$rtentry$$00000004) for .ARM.Collect$$rtentry$$00000004
    sys_stackheap_outer.o(.text) refers to libspace.o(.text) for __user_perproc_libspace
    sys_stackheap_outer.o(.text) refers to startup_stm32f10x_md.o(.text) for __user_initial_stackheap
    exit.o(.text) refers to rtexit.o(.ARM.Collect$$rtexit$$00000000) for __rt_exit
    libinit.o(.ARM.Collect$$libinit$$00000000) refers (Special) to libinit2.o(.ARM.Collect$$libinit$$0000002E) for __rt_lib_init_alloca_1
    libinit.o(.ARM.Collect$$libinit$$00000000) refers (Special) to libinit2.o(.ARM.Collect$$libinit$$0000002C) for __rt_lib_init_argv_1
    libinit.o(.ARM.Collect$$libinit$$00000000) refers (Special) to libinit2.o(.ARM.Collect$$libinit$$0000001B) for __rt_lib_init_atexit_1
    libinit.o(.ARM.Collect$$libinit$$00000000) refers (Special) to libinit2.o(.ARM.Collect$$libinit$$00000021) for __rt_lib_init_clock_1
    libinit.o(.ARM.Collect$$libinit$$00000000) refers (Special) to libinit2.o(.ARM.Collect$$libinit$$00000032) for __rt_lib_init_cpp_1
    libinit.o(.ARM.Collect$$libinit$$00000000) refers (Special) to libinit2.o(.ARM.Collect$$libinit$$00000030) for __rt_lib_init_exceptions_1
    libinit.o(.ARM.Collect$$libinit$$00000000) refers (Special) to libinit2.o(.ARM.Collect$$libinit$$00000002) for __rt_lib_init_fp_1
    libinit.o(.ARM.Collect$$libinit$$00000000) refers (Special) to libinit2.o(.ARM.Collect$$libinit$$0000001F) for __rt_lib_init_fp_trap_1
    libinit.o(.ARM.Collect$$libinit$$00000000) refers (Special) to libinit2.o(.ARM.Collect$$libinit$$00000023) for __rt_lib_init_getenv_1
    libinit.o(.ARM.Collect$$libinit$$00000000) refers (Special) to libinit2.o(.ARM.Collect$$libinit$$0000000A) for __rt_lib_init_heap_1
    libinit.o(.ARM.Collect$$libinit$$00000000) refers (Special) to libinit2.o(.ARM.Collect$$libinit$$00000011) for __rt_lib_init_lc_collate_1
    libinit.o(.ARM.Collect$$libinit$$00000000) refers (Special) to libinit2.o(.ARM.Collect$$libinit$$00000013) for __rt_lib_init_lc_ctype_1
    libinit.o(.ARM.Collect$$libinit$$00000000) refers (Special) to libinit2.o(.ARM.Collect$$libinit$$00000015) for __rt_lib_init_lc_monetary_1
    libinit.o(.ARM.Collect$$libinit$$00000000) refers (Special) to libinit2.o(.ARM.Collect$$libinit$$00000017) for __rt_lib_init_lc_numeric_1
    libinit.o(.ARM.Collect$$libinit$$00000000) refers (Special) to libinit2.o(.ARM.Collect$$libinit$$00000019) for __rt_lib_init_lc_time_1
    libinit.o(.ARM.Collect$$libinit$$00000000) refers (Special) to libinit2.o(.ARM.Collect$$libinit$$00000004) for __rt_lib_init_preinit_1
    libinit.o(.ARM.Collect$$libinit$$00000000) refers (Special) to libinit2.o(.ARM.Collect$$libinit$$0000000E) for __rt_lib_init_rand_1
    libinit.o(.ARM.Collect$$libinit$$00000000) refers (Special) to libinit2.o(.ARM.Collect$$libinit$$00000033) for __rt_lib_init_return
    libinit.o(.ARM.Collect$$libinit$$00000000) refers (Special) to libinit2.o(.ARM.Collect$$libinit$$0000001D) for __rt_lib_init_signal_1
    libinit.o(.ARM.Collect$$libinit$$00000000) refers (Special) to libinit2.o(.ARM.Collect$$libinit$$00000025) for __rt_lib_init_stdio_1
    libinit.o(.ARM.Collect$$libinit$$00000000) refers (Special) to libinit2.o(.ARM.Collect$$libinit$$0000000C) for __rt_lib_init_user_alloc_1
    libspace.o(.text) refers to libspace.o(.bss) for __libspace_start
    rtexit.o(.ARM.Collect$$rtexit$$00000000) refers (Special) to rtexit2.o(.ARM.Collect$$rtexit$$00000004) for __rt_exit_exit
    rtexit.o(.ARM.Collect$$rtexit$$00000000) refers (Special) to rtexit2.o(.ARM.Collect$$rtexit$$00000003) for __rt_exit_ls
    rtexit.o(.ARM.Collect$$rtexit$$00000000) refers (Special) to rtexit2.o(.ARM.Collect$$rtexit$$00000002) for __rt_exit_prels_1
    rtexit.o(.ARM.exidx) refers (Special) to rtexit2.o(.ARM.Collect$$rtexit$$00000004) for __rt_exit_exit
    rtexit.o(.ARM.exidx) refers (Special) to rtexit2.o(.ARM.Collect$$rtexit$$00000003) for __rt_exit_ls
    rtexit.o(.ARM.exidx) refers (Special) to rtexit2.o(.ARM.Collect$$rtexit$$00000002) for __rt_exit_prels_1
    rtexit.o(.ARM.exidx) refers to rtexit.o(.ARM.Collect$$rtexit$$00000000) for .ARM.Collect$$rtexit$$00000000
    libinit2.o(.ARM.Collect$$libinit$$00000010) refers to libinit2.o(.ARM.Collect$$libinit$$0000000F) for .ARM.Collect$$libinit$$0000000F
    libinit2.o(.ARM.Collect$$libinit$$00000012) refers to libinit2.o(.ARM.Collect$$libinit$$0000000F) for .ARM.Collect$$libinit$$0000000F
    libinit2.o(.ARM.Collect$$libinit$$00000014) refers to libinit2.o(.ARM.Collect$$libinit$$0000000F) for .ARM.Collect$$libinit$$0000000F
    libinit2.o(.ARM.Collect$$libinit$$00000016) refers to libinit2.o(.ARM.Collect$$libinit$$0000000F) for .ARM.Collect$$libinit$$0000000F
    libinit2.o(.ARM.Collect$$libinit$$00000018) refers to libinit2.o(.ARM.Collect$$libinit$$0000000F) for .ARM.Collect$$libinit$$0000000F
    libinit2.o(.ARM.Collect$$libinit$$00000026) refers to argv_veneer.o(.emb_text) for __ARM_argv_veneer
    libinit2.o(.ARM.Collect$$libinit$$00000027) refers to argv_veneer.o(.emb_text) for __ARM_argv_veneer
    rtexit2.o(.ARM.Collect$$rtexit$$00000003) refers to libshutdown.o(.ARM.Collect$$libshutdown$$00000000) for __rt_lib_shutdown
    rtexit2.o(.ARM.Collect$$rtexit$$00000004) refers to sys_exit.o(.text) for _sys_exit
    rtexit2.o(.ARM.exidx) refers to rtexit2.o(.ARM.Collect$$rtexit$$00000001) for .ARM.Collect$$rtexit$$00000001
    rtexit2.o(.ARM.exidx) refers to rtexit2.o(.ARM.Collect$$rtexit$$00000003) for .ARM.Collect$$rtexit$$00000003
    rtexit2.o(.ARM.exidx) refers to rtexit2.o(.ARM.Collect$$rtexit$$00000004) for .ARM.Collect$$rtexit$$00000004
    argv_veneer.o(.emb_text) refers to no_argv.o(.text) for __ARM_get_argv
    sys_exit.o(.text) refers (Special) to use_no_semi.o(.text) for __I$use$semihosting
    sys_exit.o(.text) refers (Special) to indicate_semi.o(.text) for __semihosting_library_function
    _get_argv_nomalloc.o(.text) refers (Special) to hrguard.o(.text) for __heap_region$guard
    _get_argv_nomalloc.o(.text) refers to defsig_rtmem_outer.o(.text) for __rt_SIGRTMEM
    _get_argv_nomalloc.o(.text) refers to sys_command.o(.text) for _sys_command_string
    libshutdown.o(.ARM.Collect$$libshutdown$$00000000) refers (Special) to libshutdown2.o(.ARM.Collect$$libshutdown$$00000002) for __rt_lib_shutdown_cpp_1
    libshutdown.o(.ARM.Collect$$libshutdown$$00000000) refers (Special) to libshutdown2.o(.ARM.Collect$$libshutdown$$00000007) for __rt_lib_shutdown_fp_trap_1
    libshutdown.o(.ARM.Collect$$libshutdown$$00000000) refers (Special) to libshutdown2.o(.ARM.Collect$$libshutdown$$0000000F) for __rt_lib_shutdown_heap_1
    libshutdown.o(.ARM.Collect$$libshutdown$$00000000) refers (Special) to libshutdown2.o(.ARM.Collect$$libshutdown$$00000010) for __rt_lib_shutdown_return
    libshutdown.o(.ARM.Collect$$libshutdown$$00000000) refers (Special) to libshutdown2.o(.ARM.Collect$$libshutdown$$0000000A) for __rt_lib_shutdown_signal_1
    libshutdown.o(.ARM.Collect$$libshutdown$$00000000) refers (Special) to libshutdown2.o(.ARM.Collect$$libshutdown$$00000004) for __rt_lib_shutdown_stdio_1
    libshutdown.o(.ARM.Collect$$libshutdown$$00000000) refers (Special) to libshutdown2.o(.ARM.Collect$$libshutdown$$0000000C) for __rt_lib_shutdown_user_alloc_1
    sys_command.o(.text) refers (Special) to use_no_semi.o(.text) for __I$use$semihosting
    sys_command.o(.text) refers (Special) to indicate_semi.o(.text) for __semihosting_library_function
    defsig_rtmem_outer.o(.text) refers to defsig_rtmem_inner.o(.text) for __rt_SIGRTMEM_inner
    defsig_rtmem_outer.o(.text) refers to defsig_exit.o(.text) for __sig_exit
    defsig_rtmem_formal.o(.text) refers to rt_raise.o(.text) for __rt_raise
    rt_raise.o(.text) refers to __raise.o(.text) for __raise
    rt_raise.o(.text) refers to sys_exit.o(.text) for _sys_exit
    defsig_exit.o(.text) refers to sys_exit.o(.text) for _sys_exit
    defsig_rtmem_inner.o(.text) refers to defsig_general.o(.text) for __default_signal_display
    __raise.o(.text) refers to defsig.o(CL$$defsig) for __default_signal_handler
    defsig_general.o(.text) refers to sys_wrch.o(.text) for _ttywrch
    sys_wrch.o(.text) refers (Special) to use_no_semi.o(.text) for __I$use$semihosting
    sys_wrch.o(.text) refers (Special) to indicate_semi.o(.text) for __semihosting_library_function
    defsig.o(CL$$defsig) refers to defsig_rtmem_inner.o(.text) for __rt_SIGRTMEM_inner
    defsig_abrt_inner.o(.text) refers to defsig_general.o(.text) for __default_signal_display
    defsig_fpe_inner.o(.text) refers to defsig_general.o(.text) for __default_signal_display
    defsig_rtred_inner.o(.text) refers to defsig_general.o(.text) for __default_signal_display
    defsig_stak_inner.o(.text) refers to defsig_general.o(.text) for __default_signal_display
    defsig_pvfn_inner.o(.text) refers to defsig_general.o(.text) for __default_signal_display
    defsig_cppl_inner.o(.text) refers to defsig_general.o(.text) for __default_signal_display
    defsig_segv_inner.o(.text) refers to defsig_general.o(.text) for __default_signal_display
    defsig_other.o(.text) refers to defsig_general.o(.text) for __default_signal_display


==============================================================================

Removing Unused input sections from the image.

    Removing mygpio.o(.rev16_text), (4 bytes).
    Removing mygpio.o(.revsh_text), (4 bytes).
    Removing mygpio.o(.rrx_text), (6 bytes).
    Removing mygpio.o(i.TurnOffB1), (16 bytes).
    Removing mygpio.o(i.TurnOffB10), (20 bytes).
    Removing mygpio.o(i.TurnOnB1), (16 bytes).
    Removing mygpio.o(i.TurnOnB10), (20 bytes).
    Removing main.o(.rev16_text), (4 bytes).
    Removing main.o(.revsh_text), (4 bytes).
    Removing main.o(.rrx_text), (6 bytes).
    Removing main.o(i.delay_ms), (18 bytes).
    Removing main.o(i.delay_s), (20 bytes).
    Removing main.o(.bss), (42 bytes).
    Removing myusart.o(.rev16_text), (4 bytes).
    Removing myusart.o(.revsh_text), (4 bytes).
    Removing myusart.o(.rrx_text), (6 bytes).
    Removing mypwm.o(.rev16_text), (4 bytes).
    Removing mypwm.o(.revsh_text), (4 bytes).
    Removing mypwm.o(.rrx_text), (6 bytes).
    Removing misc.o(.rev16_text), (4 bytes).
    Removing misc.o(.revsh_text), (4 bytes).
    Removing misc.o(.rrx_text), (6 bytes).
    Removing misc.o(i.NVIC_Init), (112 bytes).
    Removing misc.o(i.NVIC_PriorityGroupConfig), (20 bytes).
    Removing misc.o(i.NVIC_SetVectorTable), (20 bytes).
    Removing misc.o(i.NVIC_SystemLPConfig), (32 bytes).
    Removing misc.o(i.SysTick_CLKSourceConfig), (40 bytes).
    Removing stm32f10x_gpio.o(.rev16_text), (4 bytes).
    Removing stm32f10x_gpio.o(.revsh_text), (4 bytes).
    Removing stm32f10x_gpio.o(.rrx_text), (6 bytes).
    Removing stm32f10x_gpio.o(i.GPIO_AFIODeInit), (20 bytes).
    Removing stm32f10x_gpio.o(i.GPIO_DeInit), (200 bytes).
    Removing stm32f10x_gpio.o(i.GPIO_ETH_MediaInterfaceConfig), (12 bytes).
    Removing stm32f10x_gpio.o(i.GPIO_EXTILineConfig), (64 bytes).
    Removing stm32f10x_gpio.o(i.GPIO_EventOutputCmd), (12 bytes).
    Removing stm32f10x_gpio.o(i.GPIO_EventOutputConfig), (32 bytes).
    Removing stm32f10x_gpio.o(i.GPIO_PinLockConfig), (18 bytes).
    Removing stm32f10x_gpio.o(i.GPIO_PinRemapConfig), (144 bytes).
    Removing stm32f10x_gpio.o(i.GPIO_ReadInputData), (8 bytes).
    Removing stm32f10x_gpio.o(i.GPIO_ReadInputDataBit), (18 bytes).
    Removing stm32f10x_gpio.o(i.GPIO_ReadOutputData), (8 bytes).
    Removing stm32f10x_gpio.o(i.GPIO_ReadOutputDataBit), (18 bytes).
    Removing stm32f10x_gpio.o(i.GPIO_StructInit), (16 bytes).
    Removing stm32f10x_gpio.o(i.GPIO_WriteBit), (10 bytes).
    Removing stm32f10x_rcc.o(.rev16_text), (4 bytes).
    Removing stm32f10x_rcc.o(.revsh_text), (4 bytes).
    Removing stm32f10x_rcc.o(.rrx_text), (6 bytes).
    Removing stm32f10x_rcc.o(i.RCC_ADCCLKConfig), (24 bytes).
    Removing stm32f10x_rcc.o(i.RCC_AHBPeriphClockCmd), (32 bytes).
    Removing stm32f10x_rcc.o(i.RCC_APB1PeriphResetCmd), (32 bytes).
    Removing stm32f10x_rcc.o(i.RCC_APB2PeriphResetCmd), (32 bytes).
    Removing stm32f10x_rcc.o(i.RCC_AdjustHSICalibrationValue), (24 bytes).
    Removing stm32f10x_rcc.o(i.RCC_BackupResetCmd), (12 bytes).
    Removing stm32f10x_rcc.o(i.RCC_ClearFlag), (20 bytes).
    Removing stm32f10x_rcc.o(i.RCC_ClearITPendingBit), (12 bytes).
    Removing stm32f10x_rcc.o(i.RCC_ClockSecuritySystemCmd), (12 bytes).
    Removing stm32f10x_rcc.o(i.RCC_DeInit), (76 bytes).
    Removing stm32f10x_rcc.o(i.RCC_GetFlagStatus), (60 bytes).
    Removing stm32f10x_rcc.o(i.RCC_GetITStatus), (24 bytes).
    Removing stm32f10x_rcc.o(i.RCC_GetSYSCLKSource), (16 bytes).
    Removing stm32f10x_rcc.o(i.RCC_HCLKConfig), (24 bytes).
    Removing stm32f10x_rcc.o(i.RCC_HSEConfig), (76 bytes).
    Removing stm32f10x_rcc.o(i.RCC_HSICmd), (12 bytes).
    Removing stm32f10x_rcc.o(i.RCC_ITConfig), (32 bytes).
    Removing stm32f10x_rcc.o(i.RCC_LSEConfig), (52 bytes).
    Removing stm32f10x_rcc.o(i.RCC_LSICmd), (12 bytes).
    Removing stm32f10x_rcc.o(i.RCC_MCOConfig), (12 bytes).
    Removing stm32f10x_rcc.o(i.RCC_PCLK1Config), (24 bytes).
    Removing stm32f10x_rcc.o(i.RCC_PCLK2Config), (24 bytes).
    Removing stm32f10x_rcc.o(i.RCC_PLLCmd), (12 bytes).
    Removing stm32f10x_rcc.o(i.RCC_PLLConfig), (28 bytes).
    Removing stm32f10x_rcc.o(i.RCC_RTCCLKCmd), (12 bytes).
    Removing stm32f10x_rcc.o(i.RCC_RTCCLKConfig), (16 bytes).
    Removing stm32f10x_rcc.o(i.RCC_SYSCLKConfig), (24 bytes).
    Removing stm32f10x_rcc.o(i.RCC_USBCLKConfig), (12 bytes).
    Removing stm32f10x_rcc.o(i.RCC_WaitForHSEStartUp), (56 bytes).
    Removing stm32f10x_tim.o(.rev16_text), (4 bytes).
    Removing stm32f10x_tim.o(.revsh_text), (4 bytes).
    Removing stm32f10x_tim.o(.rrx_text), (6 bytes).
    Removing stm32f10x_tim.o(i.TI1_Config), (128 bytes).
    Removing stm32f10x_tim.o(i.TI2_Config), (152 bytes).
    Removing stm32f10x_tim.o(i.TI3_Config), (144 bytes).
    Removing stm32f10x_tim.o(i.TI4_Config), (152 bytes).
    Removing stm32f10x_tim.o(i.TIM_ARRPreloadConfig), (24 bytes).
    Removing stm32f10x_tim.o(i.TIM_BDTRConfig), (32 bytes).
    Removing stm32f10x_tim.o(i.TIM_BDTRStructInit), (18 bytes).
    Removing stm32f10x_tim.o(i.TIM_CCPreloadControl), (24 bytes).
    Removing stm32f10x_tim.o(i.TIM_CCxCmd), (30 bytes).
    Removing stm32f10x_tim.o(i.TIM_CCxNCmd), (30 bytes).
    Removing stm32f10x_tim.o(i.TIM_ClearFlag), (6 bytes).
    Removing stm32f10x_tim.o(i.TIM_ClearITPendingBit), (6 bytes).
    Removing stm32f10x_tim.o(i.TIM_ClearOC1Ref), (18 bytes).
    Removing stm32f10x_tim.o(i.TIM_ClearOC2Ref), (24 bytes).
    Removing stm32f10x_tim.o(i.TIM_ClearOC3Ref), (18 bytes).
    Removing stm32f10x_tim.o(i.TIM_ClearOC4Ref), (24 bytes).
    Removing stm32f10x_tim.o(i.TIM_CounterModeConfig), (18 bytes).
    Removing stm32f10x_tim.o(i.TIM_CtrlPWMOutputs), (30 bytes).
    Removing stm32f10x_tim.o(i.TIM_DMACmd), (18 bytes).
    Removing stm32f10x_tim.o(i.TIM_DMAConfig), (10 bytes).
    Removing stm32f10x_tim.o(i.TIM_DeInit), (488 bytes).
    Removing stm32f10x_tim.o(i.TIM_ETRClockMode1Config), (54 bytes).
    Removing stm32f10x_tim.o(i.TIM_ETRClockMode2Config), (32 bytes).
    Removing stm32f10x_tim.o(i.TIM_ETRConfig), (28 bytes).
    Removing stm32f10x_tim.o(i.TIM_EncoderInterfaceConfig), (66 bytes).
    Removing stm32f10x_tim.o(i.TIM_ForcedOC1Config), (18 bytes).
    Removing stm32f10x_tim.o(i.TIM_ForcedOC2Config), (26 bytes).
    Removing stm32f10x_tim.o(i.TIM_ForcedOC3Config), (18 bytes).
    Removing stm32f10x_tim.o(i.TIM_ForcedOC4Config), (26 bytes).
    Removing stm32f10x_tim.o(i.TIM_GenerateEvent), (4 bytes).
    Removing stm32f10x_tim.o(i.TIM_GetCapture1), (6 bytes).
    Removing stm32f10x_tim.o(i.TIM_GetCapture2), (6 bytes).
    Removing stm32f10x_tim.o(i.TIM_GetCapture3), (6 bytes).
    Removing stm32f10x_tim.o(i.TIM_GetCapture4), (8 bytes).
    Removing stm32f10x_tim.o(i.TIM_GetCounter), (6 bytes).
    Removing stm32f10x_tim.o(i.TIM_GetFlagStatus), (18 bytes).
    Removing stm32f10x_tim.o(i.TIM_GetITStatus), (34 bytes).
    Removing stm32f10x_tim.o(i.TIM_GetPrescaler), (6 bytes).
    Removing stm32f10x_tim.o(i.TIM_ICInit), (172 bytes).
    Removing stm32f10x_tim.o(i.TIM_ICStructInit), (18 bytes).
    Removing stm32f10x_tim.o(i.TIM_ITConfig), (18 bytes).
    Removing stm32f10x_tim.o(i.TIM_ITRxExternalClockConfig), (24 bytes).
    Removing stm32f10x_tim.o(i.TIM_InternalClockConfig), (12 bytes).
    Removing stm32f10x_tim.o(i.TIM_OC1FastConfig), (18 bytes).
    Removing stm32f10x_tim.o(i.TIM_OC1Init), (152 bytes).
    Removing stm32f10x_tim.o(i.TIM_OC1NPolarityConfig), (18 bytes).
    Removing stm32f10x_tim.o(i.TIM_OC1PolarityConfig), (18 bytes).
    Removing stm32f10x_tim.o(i.TIM_OC1PreloadConfig), (18 bytes).
    Removing stm32f10x_tim.o(i.TIM_OC2FastConfig), (26 bytes).
    Removing stm32f10x_tim.o(i.TIM_OC2NPolarityConfig), (26 bytes).
    Removing stm32f10x_tim.o(i.TIM_OC2PolarityConfig), (26 bytes).
    Removing stm32f10x_tim.o(i.TIM_OC3FastConfig), (18 bytes).
    Removing stm32f10x_tim.o(i.TIM_OC3NPolarityConfig), (26 bytes).
    Removing stm32f10x_tim.o(i.TIM_OC3PolarityConfig), (26 bytes).
    Removing stm32f10x_tim.o(i.TIM_OC4FastConfig), (26 bytes).
    Removing stm32f10x_tim.o(i.TIM_OC4PolarityConfig), (26 bytes).
    Removing stm32f10x_tim.o(i.TIM_OCStructInit), (20 bytes).
    Removing stm32f10x_tim.o(i.TIM_PWMIConfig), (124 bytes).
    Removing stm32f10x_tim.o(i.TIM_PrescalerConfig), (6 bytes).
    Removing stm32f10x_tim.o(i.TIM_SelectCCDMA), (24 bytes).
    Removing stm32f10x_tim.o(i.TIM_SelectCOM), (24 bytes).
    Removing stm32f10x_tim.o(i.TIM_SelectHallSensor), (24 bytes).
    Removing stm32f10x_tim.o(i.TIM_SelectInputTrigger), (18 bytes).
    Removing stm32f10x_tim.o(i.TIM_SelectMasterSlaveMode), (18 bytes).
    Removing stm32f10x_tim.o(i.TIM_SelectOCxM), (82 bytes).
    Removing stm32f10x_tim.o(i.TIM_SelectOnePulseMode), (18 bytes).
    Removing stm32f10x_tim.o(i.TIM_SelectOutputTrigger), (18 bytes).
    Removing stm32f10x_tim.o(i.TIM_SelectSlaveMode), (18 bytes).
    Removing stm32f10x_tim.o(i.TIM_SetAutoreload), (4 bytes).
    Removing stm32f10x_tim.o(i.TIM_SetClockDivision), (18 bytes).
    Removing stm32f10x_tim.o(i.TIM_SetCompare1), (4 bytes).
    Removing stm32f10x_tim.o(i.TIM_SetCompare2), (4 bytes).
    Removing stm32f10x_tim.o(i.TIM_SetCompare3), (4 bytes).
    Removing stm32f10x_tim.o(i.TIM_SetCompare4), (6 bytes).
    Removing stm32f10x_tim.o(i.TIM_SetCounter), (4 bytes).
    Removing stm32f10x_tim.o(i.TIM_SetIC1Prescaler), (18 bytes).
    Removing stm32f10x_tim.o(i.TIM_SetIC2Prescaler), (26 bytes).
    Removing stm32f10x_tim.o(i.TIM_SetIC3Prescaler), (18 bytes).
    Removing stm32f10x_tim.o(i.TIM_SetIC4Prescaler), (26 bytes).
    Removing stm32f10x_tim.o(i.TIM_TIxExternalClockConfig), (62 bytes).
    Removing stm32f10x_tim.o(i.TIM_TimeBaseStructInit), (18 bytes).
    Removing stm32f10x_tim.o(i.TIM_UpdateDisableConfig), (24 bytes).
    Removing stm32f10x_tim.o(i.TIM_UpdateRequestConfig), (24 bytes).
    Removing stm32f10x_usart.o(.rev16_text), (4 bytes).
    Removing stm32f10x_usart.o(.revsh_text), (4 bytes).
    Removing stm32f10x_usart.o(.rrx_text), (6 bytes).
    Removing stm32f10x_usart.o(i.USART_ClearFlag), (18 bytes).
    Removing stm32f10x_usart.o(i.USART_ClearITPendingBit), (30 bytes).
    Removing stm32f10x_usart.o(i.USART_ClockInit), (34 bytes).
    Removing stm32f10x_usart.o(i.USART_ClockStructInit), (12 bytes).
    Removing stm32f10x_usart.o(i.USART_DMACmd), (18 bytes).
    Removing stm32f10x_usart.o(i.USART_DeInit), (156 bytes).
    Removing stm32f10x_usart.o(i.USART_GetITStatus), (84 bytes).
    Removing stm32f10x_usart.o(i.USART_HalfDuplexCmd), (24 bytes).
    Removing stm32f10x_usart.o(i.USART_IrDACmd), (24 bytes).
    Removing stm32f10x_usart.o(i.USART_IrDAConfig), (18 bytes).
    Removing stm32f10x_usart.o(i.USART_LINBreakDetectLengthConfig), (18 bytes).
    Removing stm32f10x_usart.o(i.USART_LINCmd), (24 bytes).
    Removing stm32f10x_usart.o(i.USART_OneBitMethodCmd), (24 bytes).
    Removing stm32f10x_usart.o(i.USART_OverSampling8Cmd), (22 bytes).
    Removing stm32f10x_usart.o(i.USART_ReceiverWakeUpCmd), (24 bytes).
    Removing stm32f10x_usart.o(i.USART_SendBreak), (10 bytes).
    Removing stm32f10x_usart.o(i.USART_SetAddress), (18 bytes).
    Removing stm32f10x_usart.o(i.USART_SetGuardTime), (16 bytes).
    Removing stm32f10x_usart.o(i.USART_SetPrescaler), (16 bytes).
    Removing stm32f10x_usart.o(i.USART_SmartCardCmd), (24 bytes).
    Removing stm32f10x_usart.o(i.USART_SmartCardNACKCmd), (24 bytes).
    Removing stm32f10x_usart.o(i.USART_StructInit), (24 bytes).
    Removing stm32f10x_usart.o(i.USART_WakeUpConfig), (18 bytes).
    Removing system_stm32f10x.o(.rev16_text), (4 bytes).
    Removing system_stm32f10x.o(.revsh_text), (4 bytes).
    Removing system_stm32f10x.o(.rrx_text), (6 bytes).
    Removing system_stm32f10x.o(i.SystemCoreClockUpdate), (164 bytes).
    Removing system_stm32f10x.o(.data), (20 bytes).

193 unused section(s) (total 5842 bytes) removed from the image.

==============================================================================

Image Symbol Table

    Local Symbols

    Symbol Name                              Value     Ov Type        Size  Object(Section)

    ../clib/angel/boardlib.s                 0x00000000   Number         0  boardinit2.o ABSOLUTE
    ../clib/angel/boardlib.s                 0x00000000   Number         0  boardinit3.o ABSOLUTE
    ../clib/angel/boardlib.s                 0x00000000   Number         0  boardshut.o ABSOLUTE
    ../clib/angel/boardlib.s                 0x00000000   Number         0  boardinit1.o ABSOLUTE
    ../clib/angel/dczerorl2.s                0x00000000   Number         0  __dczerorl2.o ABSOLUTE
    ../clib/angel/handlers.s                 0x00000000   Number         0  __scatter_zi.o ABSOLUTE
    ../clib/angel/kernel.s                   0x00000000   Number         0  __rtentry.o ABSOLUTE
    ../clib/angel/kernel.s                   0x00000000   Number         0  rtexit.o ABSOLUTE
    ../clib/angel/kernel.s                   0x00000000   Number         0  rtexit2.o ABSOLUTE
    ../clib/angel/kernel.s                   0x00000000   Number         0  __rtentry2.o ABSOLUTE
    ../clib/angel/kernel.s                   0x00000000   Number         0  __rtentry4.o ABSOLUTE
    ../clib/angel/rt.s                       0x00000000   Number         0  rt_raise.o ABSOLUTE
    ../clib/angel/scatter.s                  0x00000000   Number         0  __scatter.o ABSOLUTE
    ../clib/angel/startup.s                  0x00000000   Number         0  __main.o ABSOLUTE
    ../clib/angel/sys.s                      0x00000000   Number         0  indicate_semi.o ABSOLUTE
    ../clib/angel/sys.s                      0x00000000   Number         0  use_no_semi.o ABSOLUTE
    ../clib/angel/sys.s                      0x00000000   Number         0  sys_stackheap_outer.o ABSOLUTE
    ../clib/angel/sys.s                      0x00000000   Number         0  libspace.o ABSOLUTE
    ../clib/angel/sysapp.c                   0x00000000   Number         0  sys_command.o ABSOLUTE
    ../clib/angel/sysapp.c                   0x00000000   Number         0  sys_exit.o ABSOLUTE
    ../clib/angel/sysapp.c                   0x00000000   Number         0  sys_wrch.o ABSOLUTE
    ../clib/armsys.c                         0x00000000   Number         0  no_argv.o ABSOLUTE
    ../clib/armsys.c                         0x00000000   Number         0  _get_argv_nomalloc.o ABSOLUTE
    ../clib/armsys.c                         0x00000000   Number         0  argv_veneer.o ABSOLUTE
    ../clib/armsys.c                         0x00000000   Number         0  argv_veneer.o ABSOLUTE
    ../clib/heapalloc.c                      0x00000000   Number         0  hrguard.o ABSOLUTE
    ../clib/heapaux.c                        0x00000000   Number         0  heapauxi.o ABSOLUTE
    ../clib/libinit.s                        0x00000000   Number         0  libshutdown.o ABSOLUTE
    ../clib/libinit.s                        0x00000000   Number         0  libshutdown2.o ABSOLUTE
    ../clib/libinit.s                        0x00000000   Number         0  libinit2.o ABSOLUTE
    ../clib/libinit.s                        0x00000000   Number         0  libinit.o ABSOLUTE
    ../clib/signal.c                         0x00000000   Number         0  defsig_general.o ABSOLUTE
    ../clib/signal.c                         0x00000000   Number         0  defsig_rtmem_inner.o ABSOLUTE
    ../clib/signal.c                         0x00000000   Number         0  defsig_other.o ABSOLUTE
    ../clib/signal.c                         0x00000000   Number         0  defsig_exit.o ABSOLUTE
    ../clib/signal.c                         0x00000000   Number         0  defsig_rtmem_formal.o ABSOLUTE
    ../clib/signal.c                         0x00000000   Number         0  defsig_rtmem_outer.o ABSOLUTE
    ../clib/signal.c                         0x00000000   Number         0  defsig_segv_inner.o ABSOLUTE
    ../clib/signal.c                         0x00000000   Number         0  defsig_cppl_inner.o ABSOLUTE
    ../clib/signal.c                         0x00000000   Number         0  defsig_pvfn_inner.o ABSOLUTE
    ../clib/signal.c                         0x00000000   Number         0  defsig_stak_inner.o ABSOLUTE
    ../clib/signal.c                         0x00000000   Number         0  defsig_rtred_inner.o ABSOLUTE
    ../clib/signal.c                         0x00000000   Number         0  defsig_fpe_inner.o ABSOLUTE
    ../clib/signal.c                         0x00000000   Number         0  __raise.o ABSOLUTE
    ../clib/signal.c                         0x00000000   Number         0  defsig_abrt_inner.o ABSOLUTE
    ../clib/signal.s                         0x00000000   Number         0  defsig.o ABSOLUTE
    ../clib/stdlib.c                         0x00000000   Number         0  exit.o ABSOLUTE
    ../fplib/fpinit.s                        0x00000000   Number         0  fpinit.o ABSOLUTE
    C:\Keil_v5\ARM\PACK\Keil\STM32F1xx_DFP\2.2.0\Device\StdPeriph_Driver\src\misc.c 0x00000000   Number         0  misc.o ABSOLUTE
    C:\Keil_v5\ARM\PACK\Keil\STM32F1xx_DFP\2.2.0\Device\StdPeriph_Driver\src\stm32f10x_gpio.c 0x00000000   Number         0  stm32f10x_gpio.o ABSOLUTE
    C:\Keil_v5\ARM\PACK\Keil\STM32F1xx_DFP\2.2.0\Device\StdPeriph_Driver\src\stm32f10x_rcc.c 0x00000000   Number         0  stm32f10x_rcc.o ABSOLUTE
    C:\Keil_v5\ARM\PACK\Keil\STM32F1xx_DFP\2.2.0\Device\StdPeriph_Driver\src\stm32f10x_tim.c 0x00000000   Number         0  stm32f10x_tim.o ABSOLUTE
    C:\Keil_v5\ARM\PACK\Keil\STM32F1xx_DFP\2.2.0\Device\StdPeriph_Driver\src\stm32f10x_usart.c 0x00000000   Number         0  stm32f10x_usart.o ABSOLUTE
    C:\\Keil_v5\\ARM\\PACK\\Keil\\STM32F1xx_DFP\\2.2.0\\Device\\StdPeriph_Driver\\src\\misc.c 0x00000000   Number         0  misc.o ABSOLUTE
    C:\\Keil_v5\\ARM\\PACK\\Keil\\STM32F1xx_DFP\\2.2.0\\Device\\StdPeriph_Driver\\src\\stm32f10x_gpio.c 0x00000000   Number         0  stm32f10x_gpio.o ABSOLUTE
    C:\\Keil_v5\\ARM\\PACK\\Keil\\STM32F1xx_DFP\\2.2.0\\Device\\StdPeriph_Driver\\src\\stm32f10x_rcc.c 0x00000000   Number         0  stm32f10x_rcc.o ABSOLUTE
    C:\\Keil_v5\\ARM\\PACK\\Keil\\STM32F1xx_DFP\\2.2.0\\Device\\StdPeriph_Driver\\src\\stm32f10x_tim.c 0x00000000   Number         0  stm32f10x_tim.o ABSOLUTE
    C:\\Keil_v5\\ARM\\PACK\\Keil\\STM32F1xx_DFP\\2.2.0\\Device\\StdPeriph_Driver\\src\\stm32f10x_usart.c 0x00000000   Number         0  stm32f10x_usart.o ABSOLUTE
    MyGPIO.c                                 0x00000000   Number         0  mygpio.o ABSOLUTE
    MyGPIO.c                                 0x00000000   Number         0  mygpio.o ABSOLUTE
    MyPWM.c                                  0x00000000   Number         0  mypwm.o ABSOLUTE
    MyPWM.c                                  0x00000000   Number         0  mypwm.o ABSOLUTE
    MyUSART.c                                0x00000000   Number         0  myusart.o ABSOLUTE
    MyUSART.c                                0x00000000   Number         0  myusart.o ABSOLUTE
    RTE\Device\STM32F103C8\startup_stm32f10x_md.s 0x00000000   Number         0  startup_stm32f10x_md.o ABSOLUTE
    RTE\Device\STM32F103C8\system_stm32f10x.c 0x00000000   Number         0  system_stm32f10x.o ABSOLUTE
    RTE\\Device\\STM32F103C8\\system_stm32f10x.c 0x00000000   Number         0  system_stm32f10x.o ABSOLUTE
    dc.s                                     0x00000000   Number         0  dc.o ABSOLUTE
    main.c                                   0x00000000   Number         0  main.o ABSOLUTE
    main.c                                   0x00000000   Number         0  main.o ABSOLUTE
    RESET                                    0x08000000   Section      236  startup_stm32f10x_md.o(RESET)
    !!!main                                  0x080000ec   Section        8  __main.o(!!!main)
    !!!scatter                               0x080000f4   Section       52  __scatter.o(!!!scatter)
    !!dczerorl2                              0x08000128   Section       90  __dczerorl2.o(!!dczerorl2)
    !!handler_zi                             0x08000184   Section       28  __scatter_zi.o(!!handler_zi)
    .ARM.Collect$$libinit$$00000000          0x080001a0   Section        2  libinit.o(.ARM.Collect$$libinit$$00000000)
    .ARM.Collect$$libinit$$00000002          0x080001a2   Section        0  libinit2.o(.ARM.Collect$$libinit$$00000002)
    .ARM.Collect$$libinit$$00000004          0x080001a2   Section        0  libinit2.o(.ARM.Collect$$libinit$$00000004)
    .ARM.Collect$$libinit$$0000000A          0x080001a2   Section        0  libinit2.o(.ARM.Collect$$libinit$$0000000A)
    .ARM.Collect$$libinit$$0000000C          0x080001a2   Section        0  libinit2.o(.ARM.Collect$$libinit$$0000000C)
    .ARM.Collect$$libinit$$0000000E          0x080001a2   Section        0  libinit2.o(.ARM.Collect$$libinit$$0000000E)
    .ARM.Collect$$libinit$$00000011          0x080001a2   Section        0  libinit2.o(.ARM.Collect$$libinit$$00000011)
    .ARM.Collect$$libinit$$00000013          0x080001a2   Section        0  libinit2.o(.ARM.Collect$$libinit$$00000013)
    .ARM.Collect$$libinit$$00000015          0x080001a2   Section        0  libinit2.o(.ARM.Collect$$libinit$$00000015)
    .ARM.Collect$$libinit$$00000017          0x080001a2   Section        0  libinit2.o(.ARM.Collect$$libinit$$00000017)
    .ARM.Collect$$libinit$$00000019          0x080001a2   Section        0  libinit2.o(.ARM.Collect$$libinit$$00000019)
    .ARM.Collect$$libinit$$0000001B          0x080001a2   Section        0  libinit2.o(.ARM.Collect$$libinit$$0000001B)
    .ARM.Collect$$libinit$$0000001D          0x080001a2   Section        0  libinit2.o(.ARM.Collect$$libinit$$0000001D)
    .ARM.Collect$$libinit$$0000001F          0x080001a2   Section        0  libinit2.o(.ARM.Collect$$libinit$$0000001F)
    .ARM.Collect$$libinit$$00000021          0x080001a2   Section        0  libinit2.o(.ARM.Collect$$libinit$$00000021)
    .ARM.Collect$$libinit$$00000023          0x080001a2   Section        0  libinit2.o(.ARM.Collect$$libinit$$00000023)
    .ARM.Collect$$libinit$$00000025          0x080001a2   Section        0  libinit2.o(.ARM.Collect$$libinit$$00000025)
    .ARM.Collect$$libinit$$0000002C          0x080001a2   Section        0  libinit2.o(.ARM.Collect$$libinit$$0000002C)
    .ARM.Collect$$libinit$$0000002E          0x080001a2   Section        0  libinit2.o(.ARM.Collect$$libinit$$0000002E)
    .ARM.Collect$$libinit$$00000030          0x080001a2   Section        0  libinit2.o(.ARM.Collect$$libinit$$00000030)
    .ARM.Collect$$libinit$$00000032          0x080001a2   Section        0  libinit2.o(.ARM.Collect$$libinit$$00000032)
    .ARM.Collect$$libinit$$00000033          0x080001a2   Section        2  libinit2.o(.ARM.Collect$$libinit$$00000033)
    .ARM.Collect$$libshutdown$$00000000      0x080001a4   Section        2  libshutdown.o(.ARM.Collect$$libshutdown$$00000000)
    .ARM.Collect$$libshutdown$$00000002      0x080001a6   Section        0  libshutdown2.o(.ARM.Collect$$libshutdown$$00000002)
    .ARM.Collect$$libshutdown$$00000004      0x080001a6   Section        0  libshutdown2.o(.ARM.Collect$$libshutdown$$00000004)
    .ARM.Collect$$libshutdown$$00000007      0x080001a6   Section        0  libshutdown2.o(.ARM.Collect$$libshutdown$$00000007)
    .ARM.Collect$$libshutdown$$0000000A      0x080001a6   Section        0  libshutdown2.o(.ARM.Collect$$libshutdown$$0000000A)
    .ARM.Collect$$libshutdown$$0000000C      0x080001a6   Section        0  libshutdown2.o(.ARM.Collect$$libshutdown$$0000000C)
    .ARM.Collect$$libshutdown$$0000000F      0x080001a6   Section        0  libshutdown2.o(.ARM.Collect$$libshutdown$$0000000F)
    .ARM.Collect$$libshutdown$$00000010      0x080001a6   Section        2  libshutdown2.o(.ARM.Collect$$libshutdown$$00000010)
    .ARM.Collect$$rtentry$$00000000          0x080001a8   Section        0  __rtentry.o(.ARM.Collect$$rtentry$$00000000)
    .ARM.Collect$$rtentry$$00000002          0x080001a8   Section        0  __rtentry2.o(.ARM.Collect$$rtentry$$00000002)
    .ARM.Collect$$rtentry$$00000004          0x080001a8   Section        6  __rtentry4.o(.ARM.Collect$$rtentry$$00000004)
    .ARM.Collect$$rtentry$$00000009          0x080001ae   Section        0  __rtentry2.o(.ARM.Collect$$rtentry$$00000009)
    .ARM.Collect$$rtentry$$0000000A          0x080001ae   Section        4  __rtentry2.o(.ARM.Collect$$rtentry$$0000000A)
    .ARM.Collect$$rtentry$$0000000C          0x080001b2   Section        0  __rtentry2.o(.ARM.Collect$$rtentry$$0000000C)
    .ARM.Collect$$rtentry$$0000000D          0x080001b2   Section        8  __rtentry2.o(.ARM.Collect$$rtentry$$0000000D)
    .ARM.Collect$$rtexit$$00000000           0x080001ba   Section        2  rtexit.o(.ARM.Collect$$rtexit$$00000000)
    .ARM.Collect$$rtexit$$00000002           0x080001bc   Section        0  rtexit2.o(.ARM.Collect$$rtexit$$00000002)
    .ARM.Collect$$rtexit$$00000003           0x080001bc   Section        4  rtexit2.o(.ARM.Collect$$rtexit$$00000003)
    .ARM.Collect$$rtexit$$00000004           0x080001c0   Section        6  rtexit2.o(.ARM.Collect$$rtexit$$00000004)
    .text                                    0x080001c8   Section       64  startup_stm32f10x_md.o(.text)
    .text                                    0x08000208   Section        0  heapauxi.o(.text)
    .text                                    0x0800020e   Section       74  sys_stackheap_outer.o(.text)
    .text                                    0x08000258   Section        0  exit.o(.text)
    .text                                    0x0800026c   Section        8  libspace.o(.text)
    .text                                    0x08000274   Section        0  sys_exit.o(.text)
    .text                                    0x08000280   Section        2  use_no_semi.o(.text)
    .text                                    0x08000282   Section        0  indicate_semi.o(.text)
    i.GPIO_Init                              0x08000282   Section        0  stm32f10x_gpio.o(i.GPIO_Init)
    i.GPIO_ResetBits                         0x08000398   Section        0  stm32f10x_gpio.o(i.GPIO_ResetBits)
    i.GPIO_SetBits                           0x0800039c   Section        0  stm32f10x_gpio.o(i.GPIO_SetBits)
    i.GPIO_Write                             0x080003a0   Section        0  stm32f10x_gpio.o(i.GPIO_Write)
    i.InitMyGPIO                             0x080003a4   Section        0  mygpio.o(i.InitMyGPIO)
    i.InitMyGPIO_PWM                         0x08000408   Section        0  mypwm.o(i.InitMyGPIO_PWM)
    i.InitMyGPIO_PWM_IN                      0x0800046c   Section        0  mygpio.o(i.InitMyGPIO_PWM_IN)
    i.InitMyPWM                              0x080004e4   Section        0  mypwm.o(i.InitMyPWM)
    i.InitMyTIMER                            0x0800053c   Section        0  mypwm.o(i.InitMyTIMER)
    i.InitMyUSART1                           0x08000574   Section        0  myusart.o(i.InitMyUSART1)
    i.RCC_APB1PeriphClockCmd                 0x0800060c   Section        0  stm32f10x_rcc.o(i.RCC_APB1PeriphClockCmd)
    i.RCC_APB2PeriphClockCmd                 0x0800062c   Section        0  stm32f10x_rcc.o(i.RCC_APB2PeriphClockCmd)
    i.RCC_GetClocksFreq                      0x0800064c   Section        0  stm32f10x_rcc.o(i.RCC_GetClocksFreq)
    i.SetDongCoPhai                          0x08000720   Section        0  mypwm.o(i.SetDongCoPhai)
    i.SetDongCoTrai                          0x08000740   Section        0  mypwm.o(i.SetDongCoTrai)
    i.SetServo                               0x08000760   Section        0  mypwm.o(i.SetServo)
    i.SetSysClock                            0x08000780   Section        0  system_stm32f10x.o(i.SetSysClock)
    SetSysClock                              0x08000781   Thumb Code     8  system_stm32f10x.o(i.SetSysClock)
    i.SetSysClockTo72                        0x08000788   Section        0  system_stm32f10x.o(i.SetSysClockTo72)
    SetSysClockTo72                          0x08000789   Thumb Code   214  system_stm32f10x.o(i.SetSysClockTo72)
    i.SystemInit                             0x08000868   Section        0  system_stm32f10x.o(i.SystemInit)
    i.TIM_Cmd                                0x080008c8   Section        0  stm32f10x_tim.o(i.TIM_Cmd)
    i.TIM_OC2Init                            0x080008e0   Section        0  stm32f10x_tim.o(i.TIM_OC2Init)
    i.TIM_OC2PreloadConfig                   0x08000984   Section        0  stm32f10x_tim.o(i.TIM_OC2PreloadConfig)
    i.TIM_OC3Init                            0x080009a0   Section        0  stm32f10x_tim.o(i.TIM_OC3Init)
    i.TIM_OC3PreloadConfig                   0x08000a40   Section        0  stm32f10x_tim.o(i.TIM_OC3PreloadConfig)
    i.TIM_OC4Init                            0x08000a54   Section        0  stm32f10x_tim.o(i.TIM_OC4Init)
    i.TIM_OC4PreloadConfig                   0x08000ad0   Section        0  stm32f10x_tim.o(i.TIM_OC4PreloadConfig)
    i.TIM_TimeBaseInit                       0x08000aec   Section        0  stm32f10x_tim.o(i.TIM_TimeBaseInit)
    i.TurnOffB0                              0x08000b90   Section        0  mygpio.o(i.TurnOffB0)
    i.TurnOffPWM_IN1                         0x08000ba0   Section        0  mygpio.o(i.TurnOffPWM_IN1)
    i.TurnOffPWM_IN2                         0x08000bb0   Section        0  mygpio.o(i.TurnOffPWM_IN2)
    i.TurnOffPWM_IN3                         0x08000bc0   Section        0  mygpio.o(i.TurnOffPWM_IN3)
    i.TurnOffPWM_IN4                         0x08000bd0   Section        0  mygpio.o(i.TurnOffPWM_IN4)
    i.TurnOnB0                               0x08000be0   Section        0  mygpio.o(i.TurnOnB0)
    i.TurnOnPWM_IN1                          0x08000bf0   Section        0  mygpio.o(i.TurnOnPWM_IN1)
    i.TurnOnPWM_IN2                          0x08000c00   Section        0  mygpio.o(i.TurnOnPWM_IN2)
    i.TurnOnPWM_IN3                          0x08000c10   Section        0  mygpio.o(i.TurnOnPWM_IN3)
    i.TurnOnPWM_IN4                          0x08000c20   Section        0  mygpio.o(i.TurnOnPWM_IN4)
    i.USART1_IRQHandler                      0x08000c30   Section        0  myusart.o(i.USART1_IRQHandler)
    i.USART_Cmd                              0x08000cac   Section        0  stm32f10x_usart.o(i.USART_Cmd)
    i.USART_GetFlagStatus                    0x08000cc4   Section        0  stm32f10x_usart.o(i.USART_GetFlagStatus)
    i.USART_ITConfig                         0x08000cde   Section        0  stm32f10x_usart.o(i.USART_ITConfig)
    i.USART_Init                             0x08000d28   Section        0  stm32f10x_usart.o(i.USART_Init)
    i.USART_ReceiveData                      0x08000e00   Section        0  stm32f10x_usart.o(i.USART_ReceiveData)
    i.USART_SendData                         0x08000e0a   Section        0  stm32f10x_usart.o(i.USART_SendData)
    i.getStringReceive                       0x08000e14   Section        0  myusart.o(i.getStringReceive)
    i.main                                   0x08000e2c   Section        0  main.o(i.main)
    i.sendString                             0x08000fac   Section        0  myusart.o(i.sendString)
    .data                                    0x20000000   Section       28  mygpio.o(.data)
    .data                                    0x2000001c   Section      237  main.o(.data)
    a                                        0x2000001c   Data         100  main.o(.data)
    StringReceive                            0x20000080   Data         100  main.o(.data)
    GPIO_ForUsart                            0x200000e4   Data           4  main.o(.data)
    element                                  0x200000e8   Data           1  main.o(.data)
    inde                                     0x200000ec   Data           4  main.o(.data)
    PWM_DongCo_Trai                          0x200000f0   Data           4  main.o(.data)
    PWM_DongCo_Phai                          0x200000f4   Data           4  main.o(.data)
    PWM_Servo                                0x200000f8   Data           4  main.o(.data)
    GiaTriDongCoTrai                         0x200000fc   Data           2  main.o(.data)
    GiaTriDongCoPhai                         0x200000fe   Data           2  main.o(.data)
    GiaTriServo                              0x20000100   Data           2  main.o(.data)
    FlagDongCo                               0x20000102   Data           2  main.o(.data)
    FlagServo                                0x20000104   Data           2  main.o(.data)
    .data                                    0x2000010c   Section      212  myusart.o(.data)
    a                                        0x2000010c   Data         100  myusart.o(.data)
    StringReceive                            0x20000170   Data         100  myusart.o(.data)
    GPIO_ForUsart                            0x200001d4   Data           4  myusart.o(.data)
    element                                  0x200001d8   Data           1  myusart.o(.data)
    inde                                     0x200001dc   Data           4  myusart.o(.data)
    .data                                    0x200001e0   Section       12  mypwm.o(.data)
    PWM_DongCo_Trai                          0x200001e0   Data           4  mypwm.o(.data)
    PWM_DongCo_Phai                          0x200001e4   Data           4  mypwm.o(.data)
    PWM_Servo                                0x200001e8   Data           4  mypwm.o(.data)
    .data                                    0x200001ec   Section       20  stm32f10x_rcc.o(.data)
    APBAHBPrescTable                         0x200001ec   Data          16  stm32f10x_rcc.o(.data)
    ADCPrescTable                            0x200001fc   Data           4  stm32f10x_rcc.o(.data)
    .bss                                     0x20000200   Section       16  myusart.o(.bss)
    TypeUSART                                0x20000200   Data          16  myusart.o(.bss)
    .bss                                     0x20000210   Section       26  mypwm.o(.bss)
    TIM_OCStruct                             0x20000210   Data          16  mypwm.o(.bss)
    TIM_BaseStruct                           0x20000220   Data          10  mypwm.o(.bss)
    .bss                                     0x2000022c   Section       96  libspace.o(.bss)
    HEAP                                     0x20000290   Section      512  startup_stm32f10x_md.o(HEAP)
    Heap_Mem                                 0x20000290   Data         512  startup_stm32f10x_md.o(HEAP)
    STACK                                    0x20000490   Section     1024  startup_stm32f10x_md.o(STACK)
    Stack_Mem                                0x20000490   Data        1024  startup_stm32f10x_md.o(STACK)
    __initial_sp                             0x20000890   Data           0  startup_stm32f10x_md.o(STACK)

    Global Symbols

    Symbol Name                              Value     Ov Type        Size  Object(Section)

    BuildAttributes$$THM_ISAv4$P$D$K$B$S$PE$A:L22UL41UL21$X:L11$S22US41US21$IEEE1$IW$USESV6$~STKCKD$USESV7$~SHL$OSPACE$ROPI$EBA8$UX$STANDARDLIB$REQ8$PRES8$EABIv2 0x00000000   Number         0  anon$$obj.o ABSOLUTE
    __ARM_use_no_argv                        0x00000000   Number         0  main.o ABSOLUTE
    __ARM_exceptions_init                     - Undefined Weak Reference
    __alloca_initialize                       - Undefined Weak Reference
    __arm_preinit_                            - Undefined Weak Reference
    __cpp_initialize__aeabi_                  - Undefined Weak Reference
    __cxa_finalize                            - Undefined Weak Reference
    __rt_locale                               - Undefined Weak Reference
    __sigvec_lookup                           - Undefined Weak Reference
    _atexit_init                              - Undefined Weak Reference
    _call_atexit_fns                          - Undefined Weak Reference
    _clock_init                               - Undefined Weak Reference
    _fp_trap_init                             - Undefined Weak Reference
    _fp_trap_shutdown                         - Undefined Weak Reference
    _get_lc_collate                           - Undefined Weak Reference
    _get_lc_ctype                             - Undefined Weak Reference
    _get_lc_monetary                          - Undefined Weak Reference
    _get_lc_numeric                           - Undefined Weak Reference
    _get_lc_time                              - Undefined Weak Reference
    _getenv_init                              - Undefined Weak Reference
    _handle_redirection                       - Undefined Weak Reference
    _init_alloc                               - Undefined Weak Reference
    _init_user_alloc                          - Undefined Weak Reference
    _initio                                   - Undefined Weak Reference
    _rand_init                                - Undefined Weak Reference
    _signal_finish                            - Undefined Weak Reference
    _signal_init                              - Undefined Weak Reference
    _terminate_alloc                          - Undefined Weak Reference
    _terminate_user_alloc                     - Undefined Weak Reference
    _terminateio                              - Undefined Weak Reference
    __Vectors_Size                           0x000000ec   Number         0  startup_stm32f10x_md.o ABSOLUTE
    __Vectors                                0x08000000   Data           4  startup_stm32f10x_md.o(RESET)
    __Vectors_End                            0x080000ec   Data           0  startup_stm32f10x_md.o(RESET)
    __main                                   0x080000ed   Thumb Code     8  __main.o(!!!main)
    __scatterload                            0x080000f5   Thumb Code     0  __scatter.o(!!!scatter)
    __scatterload_rt2                        0x080000f5   Thumb Code    44  __scatter.o(!!!scatter)
    __scatterload_rt2_thumb_only             0x080000f5   Thumb Code     0  __scatter.o(!!!scatter)
    __scatterload_null                       0x08000103   Thumb Code     0  __scatter.o(!!!scatter)
    __decompress                             0x08000129   Thumb Code    90  __dczerorl2.o(!!dczerorl2)
    __decompress1                            0x08000129   Thumb Code     0  __dczerorl2.o(!!dczerorl2)
    __scatterload_zeroinit                   0x08000185   Thumb Code    28  __scatter_zi.o(!!handler_zi)
    __rt_lib_init                            0x080001a1   Thumb Code     0  libinit.o(.ARM.Collect$$libinit$$00000000)
    __rt_lib_init_alloca_1                   0x080001a3   Thumb Code     0  libinit2.o(.ARM.Collect$$libinit$$0000002E)
    __rt_lib_init_argv_1                     0x080001a3   Thumb Code     0  libinit2.o(.ARM.Collect$$libinit$$0000002C)
    __rt_lib_init_atexit_1                   0x080001a3   Thumb Code     0  libinit2.o(.ARM.Collect$$libinit$$0000001B)
    __rt_lib_init_clock_1                    0x080001a3   Thumb Code     0  libinit2.o(.ARM.Collect$$libinit$$00000021)
    __rt_lib_init_cpp_1                      0x080001a3   Thumb Code     0  libinit2.o(.ARM.Collect$$libinit$$00000032)
    __rt_lib_init_exceptions_1               0x080001a3   Thumb Code     0  libinit2.o(.ARM.Collect$$libinit$$00000030)
    __rt_lib_init_fp_1                       0x080001a3   Thumb Code     0  libinit2.o(.ARM.Collect$$libinit$$00000002)
    __rt_lib_init_fp_trap_1                  0x080001a3   Thumb Code     0  libinit2.o(.ARM.Collect$$libinit$$0000001F)
    __rt_lib_init_getenv_1                   0x080001a3   Thumb Code     0  libinit2.o(.ARM.Collect$$libinit$$00000023)
    __rt_lib_init_heap_1                     0x080001a3   Thumb Code     0  libinit2.o(.ARM.Collect$$libinit$$0000000A)
    __rt_lib_init_lc_collate_1               0x080001a3   Thumb Code     0  libinit2.o(.ARM.Collect$$libinit$$00000011)
    __rt_lib_init_lc_ctype_1                 0x080001a3   Thumb Code     0  libinit2.o(.ARM.Collect$$libinit$$00000013)
    __rt_lib_init_lc_monetary_1              0x080001a3   Thumb Code     0  libinit2.o(.ARM.Collect$$libinit$$00000015)
    __rt_lib_init_lc_numeric_1               0x080001a3   Thumb Code     0  libinit2.o(.ARM.Collect$$libinit$$00000017)
    __rt_lib_init_lc_time_1                  0x080001a3   Thumb Code     0  libinit2.o(.ARM.Collect$$libinit$$00000019)
    __rt_lib_init_preinit_1                  0x080001a3   Thumb Code     0  libinit2.o(.ARM.Collect$$libinit$$00000004)
    __rt_lib_init_rand_1                     0x080001a3   Thumb Code     0  libinit2.o(.ARM.Collect$$libinit$$0000000E)
    __rt_lib_init_return                     0x080001a3   Thumb Code     0  libinit2.o(.ARM.Collect$$libinit$$00000033)
    __rt_lib_init_signal_1                   0x080001a3   Thumb Code     0  libinit2.o(.ARM.Collect$$libinit$$0000001D)
    __rt_lib_init_stdio_1                    0x080001a3   Thumb Code     0  libinit2.o(.ARM.Collect$$libinit$$00000025)
    __rt_lib_init_user_alloc_1               0x080001a3   Thumb Code     0  libinit2.o(.ARM.Collect$$libinit$$0000000C)
    __rt_lib_shutdown                        0x080001a5   Thumb Code     0  libshutdown.o(.ARM.Collect$$libshutdown$$00000000)
    __rt_lib_shutdown_cpp_1                  0x080001a7   Thumb Code     0  libshutdown2.o(.ARM.Collect$$libshutdown$$00000002)
    __rt_lib_shutdown_fp_trap_1              0x080001a7   Thumb Code     0  libshutdown2.o(.ARM.Collect$$libshutdown$$00000007)
    __rt_lib_shutdown_heap_1                 0x080001a7   Thumb Code     0  libshutdown2.o(.ARM.Collect$$libshutdown$$0000000F)
    __rt_lib_shutdown_return                 0x080001a7   Thumb Code     0  libshutdown2.o(.ARM.Collect$$libshutdown$$00000010)
    __rt_lib_shutdown_signal_1               0x080001a7   Thumb Code     0  libshutdown2.o(.ARM.Collect$$libshutdown$$0000000A)
    __rt_lib_shutdown_stdio_1                0x080001a7   Thumb Code     0  libshutdown2.o(.ARM.Collect$$libshutdown$$00000004)
    __rt_lib_shutdown_user_alloc_1           0x080001a7   Thumb Code     0  libshutdown2.o(.ARM.Collect$$libshutdown$$0000000C)
    __rt_entry                               0x080001a9   Thumb Code     0  __rtentry.o(.ARM.Collect$$rtentry$$00000000)
    __rt_entry_presh_1                       0x080001a9   Thumb Code     0  __rtentry2.o(.ARM.Collect$$rtentry$$00000002)
    __rt_entry_sh                            0x080001a9   Thumb Code     0  __rtentry4.o(.ARM.Collect$$rtentry$$00000004)
    __rt_entry_li                            0x080001af   Thumb Code     0  __rtentry2.o(.ARM.Collect$$rtentry$$0000000A)
    __rt_entry_postsh_1                      0x080001af   Thumb Code     0  __rtentry2.o(.ARM.Collect$$rtentry$$00000009)
    __rt_entry_main                          0x080001b3   Thumb Code     0  __rtentry2.o(.ARM.Collect$$rtentry$$0000000D)
    __rt_entry_postli_1                      0x080001b3   Thumb Code     0  __rtentry2.o(.ARM.Collect$$rtentry$$0000000C)
    __rt_exit                                0x080001bb   Thumb Code     0  rtexit.o(.ARM.Collect$$rtexit$$00000000)
    __rt_exit_ls                             0x080001bd   Thumb Code     0  rtexit2.o(.ARM.Collect$$rtexit$$00000003)
    __rt_exit_prels_1                        0x080001bd   Thumb Code     0  rtexit2.o(.ARM.Collect$$rtexit$$00000002)
    __rt_exit_exit                           0x080001c1   Thumb Code     0  rtexit2.o(.ARM.Collect$$rtexit$$00000004)
    Reset_Handler                            0x080001c9   Thumb Code     8  startup_stm32f10x_md.o(.text)
    NMI_Handler                              0x080001d1   Thumb Code     2  startup_stm32f10x_md.o(.text)
    HardFault_Handler                        0x080001d3   Thumb Code     2  startup_stm32f10x_md.o(.text)
    MemManage_Handler                        0x080001d5   Thumb Code     2  startup_stm32f10x_md.o(.text)
    BusFault_Handler                         0x080001d7   Thumb Code     2  startup_stm32f10x_md.o(.text)
    UsageFault_Handler                       0x080001d9   Thumb Code     2  startup_stm32f10x_md.o(.text)
    SVC_Handler                              0x080001db   Thumb Code     2  startup_stm32f10x_md.o(.text)
    DebugMon_Handler                         0x080001dd   Thumb Code     2  startup_stm32f10x_md.o(.text)
    PendSV_Handler                           0x080001df   Thumb Code     2  startup_stm32f10x_md.o(.text)
    SysTick_Handler                          0x080001e1   Thumb Code     2  startup_stm32f10x_md.o(.text)
    ADC1_2_IRQHandler                        0x080001e3   Thumb Code     0  startup_stm32f10x_md.o(.text)
    CAN1_RX1_IRQHandler                      0x080001e3   Thumb Code     0  startup_stm32f10x_md.o(.text)
    CAN1_SCE_IRQHandler                      0x080001e3   Thumb Code     0  startup_stm32f10x_md.o(.text)
    DMA1_Channel1_IRQHandler                 0x080001e3   Thumb Code     0  startup_stm32f10x_md.o(.text)
    DMA1_Channel2_IRQHandler                 0x080001e3   Thumb Code     0  startup_stm32f10x_md.o(.text)
    DMA1_Channel3_IRQHandler                 0x080001e3   Thumb Code     0  startup_stm32f10x_md.o(.text)
    DMA1_Channel4_IRQHandler                 0x080001e3   Thumb Code     0  startup_stm32f10x_md.o(.text)
    DMA1_Channel5_IRQHandler                 0x080001e3   Thumb Code     0  startup_stm32f10x_md.o(.text)
    DMA1_Channel6_IRQHandler                 0x080001e3   Thumb Code     0  startup_stm32f10x_md.o(.text)
    DMA1_Channel7_IRQHandler                 0x080001e3   Thumb Code     0  startup_stm32f10x_md.o(.text)
    EXTI0_IRQHandler                         0x080001e3   Thumb Code     0  startup_stm32f10x_md.o(.text)
    EXTI15_10_IRQHandler                     0x080001e3   Thumb Code     0  startup_stm32f10x_md.o(.text)
    EXTI1_IRQHandler                         0x080001e3   Thumb Code     0  startup_stm32f10x_md.o(.text)
    EXTI2_IRQHandler                         0x080001e3   Thumb Code     0  startup_stm32f10x_md.o(.text)
    EXTI3_IRQHandler                         0x080001e3   Thumb Code     0  startup_stm32f10x_md.o(.text)
    EXTI4_IRQHandler                         0x080001e3   Thumb Code     0  startup_stm32f10x_md.o(.text)
    EXTI9_5_IRQHandler                       0x080001e3   Thumb Code     0  startup_stm32f10x_md.o(.text)
    FLASH_IRQHandler                         0x080001e3   Thumb Code     0  startup_stm32f10x_md.o(.text)
    I2C1_ER_IRQHandler                       0x080001e3   Thumb Code     0  startup_stm32f10x_md.o(.text)
    I2C1_EV_IRQHandler                       0x080001e3   Thumb Code     0  startup_stm32f10x_md.o(.text)
    I2C2_ER_IRQHandler                       0x080001e3   Thumb Code     0  startup_stm32f10x_md.o(.text)
    I2C2_EV_IRQHandler                       0x080001e3   Thumb Code     0  startup_stm32f10x_md.o(.text)
    PVD_IRQHandler                           0x080001e3   Thumb Code     0  startup_stm32f10x_md.o(.text)
    RCC_IRQHandler                           0x080001e3   Thumb Code     0  startup_stm32f10x_md.o(.text)
    RTCAlarm_IRQHandler                      0x080001e3   Thumb Code     0  startup_stm32f10x_md.o(.text)
    RTC_IRQHandler                           0x080001e3   Thumb Code     0  startup_stm32f10x_md.o(.text)
    SPI1_IRQHandler                          0x080001e3   Thumb Code     0  startup_stm32f10x_md.o(.text)
    SPI2_IRQHandler                          0x080001e3   Thumb Code     0  startup_stm32f10x_md.o(.text)
    TAMPER_IRQHandler                        0x080001e3   Thumb Code     0  startup_stm32f10x_md.o(.text)
    TIM1_BRK_IRQHandler                      0x080001e3   Thumb Code     0  startup_stm32f10x_md.o(.text)
    TIM1_CC_IRQHandler                       0x080001e3   Thumb Code     0  startup_stm32f10x_md.o(.text)
    TIM1_TRG_COM_IRQHandler                  0x080001e3   Thumb Code     0  startup_stm32f10x_md.o(.text)
    TIM1_UP_IRQHandler                       0x080001e3   Thumb Code     0  startup_stm32f10x_md.o(.text)
    TIM2_IRQHandler                          0x080001e3   Thumb Code     0  startup_stm32f10x_md.o(.text)
    TIM3_IRQHandler                          0x080001e3   Thumb Code     0  startup_stm32f10x_md.o(.text)
    TIM4_IRQHandler                          0x080001e3   Thumb Code     0  startup_stm32f10x_md.o(.text)
    USART2_IRQHandler                        0x080001e3   Thumb Code     0  startup_stm32f10x_md.o(.text)
    USART3_IRQHandler                        0x080001e3   Thumb Code     0  startup_stm32f10x_md.o(.text)
    USBWakeUp_IRQHandler                     0x080001e3   Thumb Code     0  startup_stm32f10x_md.o(.text)
    USB_HP_CAN1_TX_IRQHandler                0x080001e3   Thumb Code     0  startup_stm32f10x_md.o(.text)
    USB_LP_CAN1_RX0_IRQHandler               0x080001e3   Thumb Code     0  startup_stm32f10x_md.o(.text)
    WWDG_IRQHandler                          0x080001e3   Thumb Code     0  startup_stm32f10x_md.o(.text)
    __user_initial_stackheap                 0x080001e5   Thumb Code     0  startup_stm32f10x_md.o(.text)
    __use_two_region_memory                  0x08000209   Thumb Code     2  heapauxi.o(.text)
    __rt_heap_escrow$2region                 0x0800020b   Thumb Code     2  heapauxi.o(.text)
    __rt_heap_expand$2region                 0x0800020d   Thumb Code     2  heapauxi.o(.text)
    __user_setup_stackheap                   0x0800020f   Thumb Code    74  sys_stackheap_outer.o(.text)
    exit                                     0x08000259   Thumb Code    18  exit.o(.text)
    __user_libspace                          0x0800026d   Thumb Code     8  libspace.o(.text)
    __user_perproc_libspace                  0x0800026d   Thumb Code     0  libspace.o(.text)
    __user_perthread_libspace                0x0800026d   Thumb Code     0  libspace.o(.text)
    _sys_exit                                0x08000275   Thumb Code     8  sys_exit.o(.text)
    __I$use$semihosting                      0x08000281   Thumb Code     0  use_no_semi.o(.text)
    __use_no_semihosting_swi                 0x08000281   Thumb Code     2  use_no_semi.o(.text)
    GPIO_Init                                0x08000283   Thumb Code   278  stm32f10x_gpio.o(i.GPIO_Init)
    __semihosting_library_function           0x08000283   Thumb Code     0  indicate_semi.o(.text)
    GPIO_ResetBits                           0x08000399   Thumb Code     4  stm32f10x_gpio.o(i.GPIO_ResetBits)
    GPIO_SetBits                             0x0800039d   Thumb Code     4  stm32f10x_gpio.o(i.GPIO_SetBits)
    GPIO_Write                               0x080003a1   Thumb Code     4  stm32f10x_gpio.o(i.GPIO_Write)
    InitMyGPIO                               0x080003a5   Thumb Code    82  mygpio.o(i.InitMyGPIO)
    InitMyGPIO_PWM                           0x08000409   Thumb Code    82  mypwm.o(i.InitMyGPIO_PWM)
    InitMyGPIO_PWM_IN                        0x0800046d   Thumb Code    98  mygpio.o(i.InitMyGPIO_PWM_IN)
    InitMyPWM                                0x080004e5   Thumb Code    82  mypwm.o(i.InitMyPWM)
    InitMyTIMER                              0x0800053d   Thumb Code    50  mypwm.o(i.InitMyTIMER)
    InitMyUSART1                             0x08000575   Thumb Code   136  myusart.o(i.InitMyUSART1)
    RCC_APB1PeriphClockCmd                   0x0800060d   Thumb Code    26  stm32f10x_rcc.o(i.RCC_APB1PeriphClockCmd)
    RCC_APB2PeriphClockCmd                   0x0800062d   Thumb Code    26  stm32f10x_rcc.o(i.RCC_APB2PeriphClockCmd)
    RCC_GetClocksFreq                        0x0800064d   Thumb Code   192  stm32f10x_rcc.o(i.RCC_GetClocksFreq)
    SetDongCoPhai                            0x08000721   Thumb Code    28  mypwm.o(i.SetDongCoPhai)
    SetDongCoTrai                            0x08000741   Thumb Code    28  mypwm.o(i.SetDongCoTrai)
    SetServo                                 0x08000761   Thumb Code    28  mypwm.o(i.SetServo)
    SystemInit                               0x08000869   Thumb Code    78  system_stm32f10x.o(i.SystemInit)
    TIM_Cmd                                  0x080008c9   Thumb Code    24  stm32f10x_tim.o(i.TIM_Cmd)
    TIM_OC2Init                              0x080008e1   Thumb Code   154  stm32f10x_tim.o(i.TIM_OC2Init)
    TIM_OC2PreloadConfig                     0x08000985   Thumb Code    26  stm32f10x_tim.o(i.TIM_OC2PreloadConfig)
    TIM_OC3Init                              0x080009a1   Thumb Code   150  stm32f10x_tim.o(i.TIM_OC3Init)
    TIM_OC3PreloadConfig                     0x08000a41   Thumb Code    18  stm32f10x_tim.o(i.TIM_OC3PreloadConfig)
    TIM_OC4Init                              0x08000a55   Thumb Code   114  stm32f10x_tim.o(i.TIM_OC4Init)
    TIM_OC4PreloadConfig                     0x08000ad1   Thumb Code    26  stm32f10x_tim.o(i.TIM_OC4PreloadConfig)
    TIM_TimeBaseInit                         0x08000aed   Thumb Code   122  stm32f10x_tim.o(i.TIM_TimeBaseInit)
    TurnOffB0                                0x08000b91   Thumb Code    12  mygpio.o(i.TurnOffB0)
    TurnOffPWM_IN1                           0x08000ba1   Thumb Code    12  mygpio.o(i.TurnOffPWM_IN1)
    TurnOffPWM_IN2                           0x08000bb1   Thumb Code    12  mygpio.o(i.TurnOffPWM_IN2)
    TurnOffPWM_IN3                           0x08000bc1   Thumb Code    12  mygpio.o(i.TurnOffPWM_IN3)
    TurnOffPWM_IN4                           0x08000bd1   Thumb Code    12  mygpio.o(i.TurnOffPWM_IN4)
    TurnOnB0                                 0x08000be1   Thumb Code    12  mygpio.o(i.TurnOnB0)
    TurnOnPWM_IN1                            0x08000bf1   Thumb Code    12  mygpio.o(i.TurnOnPWM_IN1)
    TurnOnPWM_IN2                            0x08000c01   Thumb Code    12  mygpio.o(i.TurnOnPWM_IN2)
    TurnOnPWM_IN3                            0x08000c11   Thumb Code    12  mygpio.o(i.TurnOnPWM_IN3)
    TurnOnPWM_IN4                            0x08000c21   Thumb Code    12  mygpio.o(i.TurnOnPWM_IN4)
    USART1_IRQHandler                        0x08000c31   Thumb Code   108  myusart.o(i.USART1_IRQHandler)
    USART_Cmd                                0x08000cad   Thumb Code    24  stm32f10x_usart.o(i.USART_Cmd)
    USART_GetFlagStatus                      0x08000cc5   Thumb Code    26  stm32f10x_usart.o(i.USART_GetFlagStatus)
    USART_ITConfig                           0x08000cdf   Thumb Code    74  stm32f10x_usart.o(i.USART_ITConfig)
    USART_Init                               0x08000d29   Thumb Code   210  stm32f10x_usart.o(i.USART_Init)
    USART_ReceiveData                        0x08000e01   Thumb Code    10  stm32f10x_usart.o(i.USART_ReceiveData)
    USART_SendData                           0x08000e0b   Thumb Code     8  stm32f10x_usart.o(i.USART_SendData)
    getStringReceive                         0x08000e15   Thumb Code    20  myusart.o(i.getStringReceive)
    main                                     0x08000e2d   Thumb Code   352  main.o(i.main)
    sendString                               0x08000fad   Thumb Code    46  myusart.o(i.sendString)
    Region$$Table$$Base                      0x08000fe0   Number         0  anon$$obj.o(Region$$Table)
    Region$$Table$$Limit                     0x08001000   Number         0  anon$$obj.o(Region$$Table)
    LED_B0                                   0x20000000   Data           4  mygpio.o(.data)
    LED_B1                                   0x20000004   Data           4  mygpio.o(.data)
    LED_B10                                  0x20000008   Data           4  mygpio.o(.data)
    PWM_IN1                                  0x2000000c   Data           4  mygpio.o(.data)
    PWM_IN2                                  0x20000010   Data           4  mygpio.o(.data)
    PWM_IN3                                  0x20000014   Data           4  mygpio.o(.data)
    PWM_IN4                                  0x20000018   Data           4  mygpio.o(.data)
    GiaTriDongCoNhanDuoc                     0x20000106   Data           1  main.o(.data)
    GiaTriServoNhanDuoc                      0x20000107   Data           1  main.o(.data)
    Buzz                                     0x20000108   Data           1  main.o(.data)
    __libspace_start                         0x2000022c   Data          96  libspace.o(.bss)
    __temporary_stack_top$libspace           0x2000028c   Data           0  libspace.o(.bss)



==============================================================================

Memory Map of the image

  Image Entry point : 0x080000ed

  Load Region LR_IROM1 (Base: 0x08000000, Size: 0x00001200, Max: 0x00010000, ABSOLUTE, COMPRESSED[0x00001024])

    Execution Region ER_IROM1 (Base: 0x08000000, Size: 0x00001000, Max: 0x00010000, ABSOLUTE)

    Base Addr    Size         Type   Attr      Idx    E Section Name        Object

    0x08000000   0x000000ec   Data   RO         1466    RESET               startup_stm32f10x_md.o
    0x080000ec   0x00000008   Code   RO         1521  * !!!main             c_w.l(__main.o)
    0x080000f4   0x00000034   Code   RO         1680    !!!scatter          c_w.l(__scatter.o)
    0x08000128   0x0000005a   Code   RO         1678    !!dczerorl2         c_w.l(__dczerorl2.o)
    0x08000182   0x00000002   PAD
    0x08000184   0x0000001c   Code   RO         1682    !!handler_zi        c_w.l(__scatter_zi.o)
    0x080001a0   0x00000002   Code   RO         1548    .ARM.Collect$$libinit$$00000000  c_w.l(libinit.o)
    0x080001a2   0x00000000   Code   RO         1555    .ARM.Collect$$libinit$$00000002  c_w.l(libinit2.o)
    0x080001a2   0x00000000   Code   RO         1557    .ARM.Collect$$libinit$$00000004  c_w.l(libinit2.o)
    0x080001a2   0x00000000   Code   RO         1560    .ARM.Collect$$libinit$$0000000A  c_w.l(libinit2.o)
    0x080001a2   0x00000000   Code   RO         1562    .ARM.Collect$$libinit$$0000000C  c_w.l(libinit2.o)
    0x080001a2   0x00000000   Code   RO         1564    .ARM.Collect$$libinit$$0000000E  c_w.l(libinit2.o)
    0x080001a2   0x00000000   Code   RO         1567    .ARM.Collect$$libinit$$00000011  c_w.l(libinit2.o)
    0x080001a2   0x00000000   Code   RO         1569    .ARM.Collect$$libinit$$00000013  c_w.l(libinit2.o)
    0x080001a2   0x00000000   Code   RO         1571    .ARM.Collect$$libinit$$00000015  c_w.l(libinit2.o)
    0x080001a2   0x00000000   Code   RO         1573    .ARM.Collect$$libinit$$00000017  c_w.l(libinit2.o)
    0x080001a2   0x00000000   Code   RO         1575    .ARM.Collect$$libinit$$00000019  c_w.l(libinit2.o)
    0x080001a2   0x00000000   Code   RO         1577    .ARM.Collect$$libinit$$0000001B  c_w.l(libinit2.o)
    0x080001a2   0x00000000   Code   RO         1579    .ARM.Collect$$libinit$$0000001D  c_w.l(libinit2.o)
    0x080001a2   0x00000000   Code   RO         1581    .ARM.Collect$$libinit$$0000001F  c_w.l(libinit2.o)
    0x080001a2   0x00000000   Code   RO         1583    .ARM.Collect$$libinit$$00000021  c_w.l(libinit2.o)
    0x080001a2   0x00000000   Code   RO         1585    .ARM.Collect$$libinit$$00000023  c_w.l(libinit2.o)
    0x080001a2   0x00000000   Code   RO         1587    .ARM.Collect$$libinit$$00000025  c_w.l(libinit2.o)
    0x080001a2   0x00000000   Code   RO         1591    .ARM.Collect$$libinit$$0000002C  c_w.l(libinit2.o)
    0x080001a2   0x00000000   Code   RO         1593    .ARM.Collect$$libinit$$0000002E  c_w.l(libinit2.o)
    0x080001a2   0x00000000   Code   RO         1595    .ARM.Collect$$libinit$$00000030  c_w.l(libinit2.o)
    0x080001a2   0x00000000   Code   RO         1597    .ARM.Collect$$libinit$$00000032  c_w.l(libinit2.o)
    0x080001a2   0x00000002   Code   RO         1598    .ARM.Collect$$libinit$$00000033  c_w.l(libinit2.o)
    0x080001a4   0x00000002   Code   RO         1618    .ARM.Collect$$libshutdown$$00000000  c_w.l(libshutdown.o)
    0x080001a6   0x00000000   Code   RO         1631    .ARM.Collect$$libshutdown$$00000002  c_w.l(libshutdown2.o)
    0x080001a6   0x00000000   Code   RO         1633    .ARM.Collect$$libshutdown$$00000004  c_w.l(libshutdown2.o)
    0x080001a6   0x00000000   Code   RO         1636    .ARM.Collect$$libshutdown$$00000007  c_w.l(libshutdown2.o)
    0x080001a6   0x00000000   Code   RO         1639    .ARM.Collect$$libshutdown$$0000000A  c_w.l(libshutdown2.o)
    0x080001a6   0x00000000   Code   RO         1641    .ARM.Collect$$libshutdown$$0000000C  c_w.l(libshutdown2.o)
    0x080001a6   0x00000000   Code   RO         1644    .ARM.Collect$$libshutdown$$0000000F  c_w.l(libshutdown2.o)
    0x080001a6   0x00000002   Code   RO         1645    .ARM.Collect$$libshutdown$$00000010  c_w.l(libshutdown2.o)
    0x080001a8   0x00000000   Code   RO         1523    .ARM.Collect$$rtentry$$00000000  c_w.l(__rtentry.o)
    0x080001a8   0x00000000   Code   RO         1525    .ARM.Collect$$rtentry$$00000002  c_w.l(__rtentry2.o)
    0x080001a8   0x00000006   Code   RO         1537    .ARM.Collect$$rtentry$$00000004  c_w.l(__rtentry4.o)
    0x080001ae   0x00000000   Code   RO         1527    .ARM.Collect$$rtentry$$00000009  c_w.l(__rtentry2.o)
    0x080001ae   0x00000004   Code   RO         1528    .ARM.Collect$$rtentry$$0000000A  c_w.l(__rtentry2.o)
    0x080001b2   0x00000000   Code   RO         1530    .ARM.Collect$$rtentry$$0000000C  c_w.l(__rtentry2.o)
    0x080001b2   0x00000008   Code   RO         1531    .ARM.Collect$$rtentry$$0000000D  c_w.l(__rtentry2.o)
    0x080001ba   0x00000002   Code   RO         1552    .ARM.Collect$$rtexit$$00000000  c_w.l(rtexit.o)
    0x080001bc   0x00000000   Code   RO         1600    .ARM.Collect$$rtexit$$00000002  c_w.l(rtexit2.o)
    0x080001bc   0x00000004   Code   RO         1601    .ARM.Collect$$rtexit$$00000003  c_w.l(rtexit2.o)
    0x080001c0   0x00000006   Code   RO         1602    .ARM.Collect$$rtexit$$00000004  c_w.l(rtexit2.o)
    0x080001c6   0x00000002   PAD
    0x080001c8   0x00000040   Code   RO         1467    .text               startup_stm32f10x_md.o
    0x08000208   0x00000006   Code   RO         1519    .text               c_w.l(heapauxi.o)
    0x0800020e   0x0000004a   Code   RO         1539    .text               c_w.l(sys_stackheap_outer.o)
    0x08000258   0x00000012   Code   RO         1541    .text               c_w.l(exit.o)
    0x0800026a   0x00000002   PAD
    0x0800026c   0x00000008   Code   RO         1549    .text               c_w.l(libspace.o)
    0x08000274   0x0000000c   Code   RO         1610    .text               c_w.l(sys_exit.o)
    0x08000280   0x00000002   Code   RO         1621    .text               c_w.l(use_no_semi.o)
    0x08000282   0x00000000   Code   RO         1623    .text               c_w.l(indicate_semi.o)
    0x08000282   0x00000116   Code   RO          383    i.GPIO_Init         stm32f10x_gpio.o
    0x08000398   0x00000004   Code   RO          390    i.GPIO_ResetBits    stm32f10x_gpio.o
    0x0800039c   0x00000004   Code   RO          391    i.GPIO_SetBits      stm32f10x_gpio.o
    0x080003a0   0x00000004   Code   RO          393    i.GPIO_Write        stm32f10x_gpio.o
    0x080003a4   0x00000064   Code   RO            4    i.InitMyGPIO        mygpio.o
    0x08000408   0x00000064   Code   RO          272    i.InitMyGPIO_PWM    mypwm.o
    0x0800046c   0x00000078   Code   RO            5    i.InitMyGPIO_PWM_IN  mygpio.o
    0x080004e4   0x00000058   Code   RO          273    i.InitMyPWM         mypwm.o
    0x0800053c   0x00000038   Code   RO          274    i.InitMyTIMER       mypwm.o
    0x08000574   0x00000098   Code   RO          223    i.InitMyUSART1      myusart.o
    0x0800060c   0x00000020   Code   RO          505    i.RCC_APB1PeriphClockCmd  stm32f10x_rcc.o
    0x0800062c   0x00000020   Code   RO          507    i.RCC_APB2PeriphClockCmd  stm32f10x_rcc.o
    0x0800064c   0x000000d4   Code   RO          515    i.RCC_GetClocksFreq  stm32f10x_rcc.o
    0x08000720   0x00000020   Code   RO          275    i.SetDongCoPhai     mypwm.o
    0x08000740   0x00000020   Code   RO          276    i.SetDongCoTrai     mypwm.o
    0x08000760   0x00000020   Code   RO          277    i.SetServo          mypwm.o
    0x08000780   0x00000008   Code   RO         1474    i.SetSysClock       system_stm32f10x.o
    0x08000788   0x000000e0   Code   RO         1475    i.SetSysClockTo72   system_stm32f10x.o
    0x08000868   0x00000060   Code   RO         1477    i.SystemInit        system_stm32f10x.o
    0x080008c8   0x00000018   Code   RO          731    i.TIM_Cmd           stm32f10x_tim.o
    0x080008e0   0x000000a4   Code   RO          765    i.TIM_OC2Init       stm32f10x_tim.o
    0x08000984   0x0000001a   Code   RO          768    i.TIM_OC2PreloadConfig  stm32f10x_tim.o
    0x0800099e   0x00000002   PAD
    0x080009a0   0x000000a0   Code   RO          770    i.TIM_OC3Init       stm32f10x_tim.o
    0x08000a40   0x00000012   Code   RO          773    i.TIM_OC3PreloadConfig  stm32f10x_tim.o
    0x08000a52   0x00000002   PAD
    0x08000a54   0x0000007c   Code   RO          775    i.TIM_OC4Init       stm32f10x_tim.o
    0x08000ad0   0x0000001a   Code   RO          777    i.TIM_OC4PreloadConfig  stm32f10x_tim.o
    0x08000aea   0x00000002   PAD
    0x08000aec   0x000000a4   Code   RO          802    i.TIM_TimeBaseInit  stm32f10x_tim.o
    0x08000b90   0x00000010   Code   RO            6    i.TurnOffB0         mygpio.o
    0x08000ba0   0x00000010   Code   RO            9    i.TurnOffPWM_IN1    mygpio.o
    0x08000bb0   0x00000010   Code   RO           10    i.TurnOffPWM_IN2    mygpio.o
    0x08000bc0   0x00000010   Code   RO           11    i.TurnOffPWM_IN3    mygpio.o
    0x08000bd0   0x00000010   Code   RO           12    i.TurnOffPWM_IN4    mygpio.o
    0x08000be0   0x00000010   Code   RO           13    i.TurnOnB0          mygpio.o
    0x08000bf0   0x00000010   Code   RO           16    i.TurnOnPWM_IN1     mygpio.o
    0x08000c00   0x00000010   Code   RO           17    i.TurnOnPWM_IN2     mygpio.o
    0x08000c10   0x00000010   Code   RO           18    i.TurnOnPWM_IN3     mygpio.o
    0x08000c20   0x00000010   Code   RO           19    i.TurnOnPWM_IN4     mygpio.o
    0x08000c30   0x0000007c   Code   RO          224    i.USART1_IRQHandler  myusart.o
    0x08000cac   0x00000018   Code   RO         1279    i.USART_Cmd         stm32f10x_usart.o
    0x08000cc4   0x0000001a   Code   RO         1282    i.USART_GetFlagStatus  stm32f10x_usart.o
    0x08000cde   0x0000004a   Code   RO         1285    i.USART_ITConfig    stm32f10x_usart.o
    0x08000d28   0x000000d8   Code   RO         1286    i.USART_Init        stm32f10x_usart.o
    0x08000e00   0x0000000a   Code   RO         1293    i.USART_ReceiveData  stm32f10x_usart.o
    0x08000e0a   0x00000008   Code   RO         1296    i.USART_SendData    stm32f10x_usart.o
    0x08000e12   0x00000002   PAD
    0x08000e14   0x00000018   Code   RO          225    i.getStringReceive  myusart.o
    0x08000e2c   0x00000180   Code   RO          173    i.main              main.o
    0x08000fac   0x00000034   Code   RO          226    i.sendString        myusart.o
    0x08000fe0   0x00000020   Data   RO         1676    Region$$Table       anon$$obj.o


    Execution Region RW_IRAM1 (Base: 0x20000000, Size: 0x00000890, Max: 0x00005000, ABSOLUTE, COMPRESSED[0x00000024])

    Base Addr    Size         Type   Attr      Idx    E Section Name        Object

    0x20000000   0x0000001c   Data   RW           20    .data               mygpio.o
    0x2000001c   0x000000ed   Data   RW          175    .data               main.o
    0x20000109   0x00000003   PAD
    0x2000010c   0x000000d4   Data   RW          228    .data               myusart.o
    0x200001e0   0x0000000c   Data   RW          279    .data               mypwm.o
    0x200001ec   0x00000014   Data   RW          535    .data               stm32f10x_rcc.o
    0x20000200   0x00000010   Zero   RW          227    .bss                myusart.o
    0x20000210   0x0000001a   Zero   RW          278    .bss                mypwm.o
    0x2000022a   0x00000002   PAD
    0x2000022c   0x00000060   Zero   RW         1550    .bss                c_w.l(libspace.o)
    0x2000028c   0x00000004   PAD
    0x20000290   0x00000200   Zero   RW         1465    HEAP                startup_stm32f10x_md.o
    0x20000490   0x00000400   Zero   RW         1464    STACK               startup_stm32f10x_md.o


==============================================================================

Image component sizes


      Code (inc. data)   RO Data    RW Data    ZI Data      Debug   Object Name

       384         32          0        237          0       1523   main.o
       380         80          0         28          0     255224   mygpio.o
       340         42          0         12         26       3006   mypwm.o
       352         42          0        212         16      27262   myusart.o
        64         26        236          0       1536        788   startup_stm32f10x_md.o
       290          0          0          0          0       3773   stm32f10x_gpio.o
       276         32          0         20          0       4606   stm32f10x_rcc.o
       706         72          0          0          0       5996   stm32f10x_tim.o
       358          6          0          0          0       5689   stm32f10x_usart.o
       328         28          0          0          0       1861   system_stm32f10x.o

    ----------------------------------------------------------------------
      3486        360        268        512       1580     309728   Object Totals
         0          0         32          0          0          0   (incl. Generated)
         8          0          0          3          2          0   (incl. Padding)

    ----------------------------------------------------------------------

      Code (inc. data)   RO Data    RW Data    ZI Data      Debug   Library Member Name

        90          0          0          0          0          0   __dczerorl2.o
         8          0          0          0          0         68   __main.o
         0          0          0          0          0          0   __rtentry.o
        12          0          0          0          0          0   __rtentry2.o
         6          0          0          0          0          0   __rtentry4.o
        52          8          0          0          0          0   __scatter.o
        28          0          0          0          0          0   __scatter_zi.o
        18          0          0          0          0         80   exit.o
         6          0          0          0          0        152   heapauxi.o
         0          0          0          0          0          0   indicate_semi.o
         2          0          0          0          0          0   libinit.o
         2          0          0          0          0          0   libinit2.o
         2          0          0          0          0          0   libshutdown.o
         2          0          0          0          0          0   libshutdown2.o
         8          4          0          0         96         68   libspace.o
         2          0          0          0          0          0   rtexit.o
        10          0          0          0          0          0   rtexit2.o
        12          4          0          0          0         68   sys_exit.o
        74          0          0          0          0         80   sys_stackheap_outer.o
         2          0          0          0          0         68   use_no_semi.o

    ----------------------------------------------------------------------
       342         16          0          0        100        584   Library Totals
         6          0          0          0          4          0   (incl. Padding)

    ----------------------------------------------------------------------

      Code (inc. data)   RO Data    RW Data    ZI Data      Debug   Library Name

       336         16          0          0         96        584   c_w.l

    ----------------------------------------------------------------------
       342         16          0          0        100        584   Library Totals

    ----------------------------------------------------------------------

==============================================================================


      Code (inc. data)   RO Data    RW Data    ZI Data      Debug   

      3828        376        268        512       1680     307864   Grand Totals
      3828        376        268         36       1680     307864   ELF Image Totals (compressed)
      3828        376        268         36          0          0   ROM Totals

==============================================================================

    Total RO  Size (Code + RO Data)                 4096 (   4.00kB)
    Total RW  Size (RW Data + ZI Data)              2192 (   2.14kB)
    Total ROM Size (Code + RO Data + RW Data)       4132 (   4.04kB)

==============================================================================

